MyAPP.c:122:6:APP_CLK_init	4	static
MyAPP.c:132:13:APP_EXTI_For_UART_init	4	static
MyAPP.c:137:13:APP_UART_init	8	static
MyAPP.c:160:13:APP_SPI_init	40	static
MyAPP.c:231:13:APP_EXTI_init	32	static
MyAPP.c:257:6:LCD_Start	8	static
MyAPP.c:314:6:LCD_Access_Accepted	24	static
MyAPP.c:333:6:LCD_Access_Denied	8	static
MyAPP.c:341:6:LCD_Option_Menu	8	static
MyAPP.c:361:6:LCD_Delete_Menu	8	static
MyAPP.c:379:6:LCD_Delete_Process	16	static
MyAPP.c:408:6:LCD_Edit_Process	16	static
MyAPP.c:439:13:Fill_Admins_Data	4	static
MyAPP.c:489:13:Fill_Drivers_Data	4	static
MyAPP.c:566:16:AdminAccessRequest	40	static
MyAPP.c:642:6:SystemStatus	8	static
MyAPP.c:654:9:SystemAdd	24	static
MyAPP.c:735:9:SystemDelete	8	static
MyAPP.c:752:9:SystemEdit	48	static
MyAPP.c:897:9:DeleteProcess	48	static
MyAPP.c:1016:6:PrintAllDrivers	24	static
MyAPP.c:1067:9:CompareStrings	24	static
MyAPP.c:1087:6:ECU2_ADMIN_Dashboard	16	static
MyAPP.c:1146:6:ECU2_Dashboard_APP_SETUP	8	static
MyAPP.c:1167:6:ECU2_Dashboard_APP_RUN	8	static
MyAPP.c:1188:13:ECU2_UART_IRQ_CallBack	16	static
MyAPP.c:1222:13:ECU2_Entrance_EXT_IRQ_Callback	40	static
MyAPP.c:1258:13:ECU2_Exit_EXT_IRQ_Callback	4	static
