MyApp.c:71:13:APP_CLK_init	4	static
MyApp.c:83:13:APP_UART_init	8	static
MyApp.c:106:13:APP_SPI_init	32	static
MyApp.c:156:13:APP_EXTI_init	16	static
MyApp.c:167:13:APP_LEDs_Init	16	static
MyApp.c:181:13:APP_Start_Tringer_init	16	static
MyApp.c:189:13:APP_Start_Wait_Trigger	8	static
MyApp.c:200:6:UART_Welcome_Message	8	static
MyApp.c:210:6:SPI_Master_Welcome_Message	8	static
MyApp.c:217:6:SPI_Slave_Welcome_Message	8	static
MyApp.c:224:6:LCD_Waiting_Message	8	static
MyApp.c:230:6:LCD_Welcome_Message	8	static
MyApp.c:239:6:ECU1_APP_Valid_Access	8	static
MyApp.c:273:6:ECU1_APP_InValid_Acess	8	static
MyApp.c:298:6:delay_ms	24	static
MyApp.c:315:6:ECU1_Dashboard_APP_SETUP	8	static
MyApp.c:339:6:ECU1_Dashboard_APP_RUN	4	static
MyApp.c:352:13:ECU1_UART_IRQ_CallBack	16	static
MyApp.c:377:13:ECU1_SPI_IRQ_CallBack	16	static
