STM32F103C6_USART_Driver.c:54:6:MCAL_UART_Init	16	static
STM32F103C6_USART_Driver.c:124:6:MCAL_UART_DeInit	16	static
STM32F103C6_USART_Driver.c:152:6:MCAL_UART_GPIO_SetPins	24	static
STM32F103C6_USART_Driver.c:273:6:MCAL_UART_SendData	32	static
STM32F103C6_USART_Driver.c:300:6:MCAL_UART_SendString	32	static
STM32F103C6_USART_Driver.c:310:6:MCAL_UART_ReceiveData	32	static
STM32F103C6_USART_Driver.c:347:6:MCAL_UART_WAIT_TC	16	static
STM32F103C6_USART_Driver.c:361:6:USART1_IRQHandler	8	static
STM32F103C6_USART_Driver.c:366:6:USART2_IRQHandler	8	static
STM32F103C6_USART_Driver.c:371:6:USART3_IRQHandler	8	static
