Archive member included to satisfy reference by file (symbol)

c:/program files (x86)/atmel/studio/7.0/toolchain/avr8/avr8-gnu-toolchain/bin/../lib/gcc/avr/5.4.0/avr5\libgcc.a(_udivmodsi4.o)
                              MCAL/Timer.o (__udivmodsi4)
c:/program files (x86)/atmel/studio/7.0/toolchain/avr8/avr8-gnu-toolchain/bin/../lib/gcc/avr/5.4.0/avr5\libgcc.a(_exit.o)
                              C:/Program Files (x86)/Atmel/Studio/7.0/Packs/atmel/ATmega_DFP/1.7.374/gcc/dev/atmega32/avr5/crtatmega32.o (exit)
c:/program files (x86)/atmel/studio/7.0/toolchain/avr8/avr8-gnu-toolchain/bin/../lib/gcc/avr/5.4.0/avr5\libgcc.a(_copy_data.o)
                              APPLICATION/MyAPP.o (__do_copy_data)
c:/program files (x86)/atmel/studio/7.0/toolchain/avr8/avr8-gnu-toolchain/bin/../lib/gcc/avr/5.4.0/avr5\libgcc.a(_clear_bss.o)
                              APPLICATION/MyAPP.o (__do_clear_bss)
c:/program files (x86)/atmel/studio/7.0/toolchain/avr8/avr8-gnu-toolchain/bin/../lib/gcc/avr/5.4.0/avr5\libgcc.a(_umulhisi3.o)
                              MCAL/Timer.o (__umulhisi3)
c:/program files (x86)/atmel/studio/7.0/toolchain/avr8/avr8-gnu-toolchain/bin/../lib/gcc/avr/5.4.0/../../../../avr/lib/avr5\libc.a(sprintf.o)
                              HAL/LCD/LCD.o (sprintf)
c:/program files (x86)/atmel/studio/7.0/toolchain/avr8/avr8-gnu-toolchain/bin/../lib/gcc/avr/5.4.0/../../../../avr/lib/avr5\libc.a(vfprintf_std.o)
                              c:/program files (x86)/atmel/studio/7.0/toolchain/avr8/avr8-gnu-toolchain/bin/../lib/gcc/avr/5.4.0/../../../../avr/lib/avr5\libc.a(sprintf.o) (vfprintf)
c:/program files (x86)/atmel/studio/7.0/toolchain/avr8/avr8-gnu-toolchain/bin/../lib/gcc/avr/5.4.0/../../../../avr/lib/avr5\libc.a(strnlen_P.o)
                              c:/program files (x86)/atmel/studio/7.0/toolchain/avr8/avr8-gnu-toolchain/bin/../lib/gcc/avr/5.4.0/../../../../avr/lib/avr5\libc.a(vfprintf_std.o) (strnlen_P)
c:/program files (x86)/atmel/studio/7.0/toolchain/avr8/avr8-gnu-toolchain/bin/../lib/gcc/avr/5.4.0/../../../../avr/lib/avr5\libc.a(strnlen.o)
                              c:/program files (x86)/atmel/studio/7.0/toolchain/avr8/avr8-gnu-toolchain/bin/../lib/gcc/avr/5.4.0/../../../../avr/lib/avr5\libc.a(vfprintf_std.o) (strnlen)
c:/program files (x86)/atmel/studio/7.0/toolchain/avr8/avr8-gnu-toolchain/bin/../lib/gcc/avr/5.4.0/../../../../avr/lib/avr5\libc.a(fputc.o)
                              c:/program files (x86)/atmel/studio/7.0/toolchain/avr8/avr8-gnu-toolchain/bin/../lib/gcc/avr/5.4.0/../../../../avr/lib/avr5\libc.a(vfprintf_std.o) (fputc)
c:/program files (x86)/atmel/studio/7.0/toolchain/avr8/avr8-gnu-toolchain/bin/../lib/gcc/avr/5.4.0/../../../../avr/lib/avr5\libc.a(ultoa_invert.o)
                              c:/program files (x86)/atmel/studio/7.0/toolchain/avr8/avr8-gnu-toolchain/bin/../lib/gcc/avr/5.4.0/../../../../avr/lib/avr5\libc.a(vfprintf_std.o) (__ultoa_invert)
c:/program files (x86)/atmel/studio/7.0/toolchain/avr8/avr8-gnu-toolchain/bin/../lib/gcc/avr/5.4.0/avr5\libgcc.a(_prologue.o)
                              c:/program files (x86)/atmel/studio/7.0/toolchain/avr8/avr8-gnu-toolchain/bin/../lib/gcc/avr/5.4.0/../../../../avr/lib/avr5\libc.a(sprintf.o) (__prologue_saves__)
c:/program files (x86)/atmel/studio/7.0/toolchain/avr8/avr8-gnu-toolchain/bin/../lib/gcc/avr/5.4.0/avr5\libgcc.a(_epilogue.o)
                              c:/program files (x86)/atmel/studio/7.0/toolchain/avr8/avr8-gnu-toolchain/bin/../lib/gcc/avr/5.4.0/../../../../avr/lib/avr5\libc.a(sprintf.o) (__epilogue_restores__)

Allocating common symbols
Common symbol       size              file

uart_string         0x2               APPLICATION/MyAPP.o
u8_TOVNumber        0x1               MCAL/Timer.o
spi_string          0x2               APPLICATION/MyAPP.o
Global_SPI_Config   0x2               MCAL/SPI.o
uart_data           0x1               APPLICATION/MyAPP.o
received_data       0x1               APPLICATION/MyAPP.o
CALLBACK_CM         0x2               MCAL/Timer.o
TIMER0_Configurations
                    0x2               MCAL/Timer.o
global_USART_Config
                    0x9               MCAL/UART.o
CALLBACK_OVF        0x2               MCAL/Timer.o

Discarded input sections

 .data          0x00000000        0x0 C:/Program Files (x86)/Atmel/Studio/7.0/Packs/atmel/ATmega_DFP/1.7.374/gcc/dev/atmega32/avr5/crtatmega32.o
 .bss           0x00000000        0x0 C:/Program Files (x86)/Atmel/Studio/7.0/Packs/atmel/ATmega_DFP/1.7.374/gcc/dev/atmega32/avr5/crtatmega32.o
 .text          0x00000000        0x0 APPLICATION/MyAPP.o
 .data          0x00000000        0x0 APPLICATION/MyAPP.o
 .bss           0x00000000        0x0 APPLICATION/MyAPP.o
 .text.SPI_Master_Welcome_Message
                0x00000000       0x42 APPLICATION/MyAPP.o
 .text.ECU1_APP_Valid_Access
                0x00000000       0x6c APPLICATION/MyAPP.o
 .text.ECU1_APP_InValid_Acess
                0x00000000       0x22 APPLICATION/MyAPP.o
 .bss.i         0x00000000        0x2 APPLICATION/MyAPP.o
 .bss.Glob_UART_char
                0x00000000        0x2 APPLICATION/MyAPP.o
 .bss.Glob_ID_SCANNED_Flag
                0x00000000        0x1 APPLICATION/MyAPP.o
 .bss.Glob_IQ_Flag
                0x00000000        0x2 APPLICATION/MyAPP.o
 .bss.Glob_key_pressed
                0x00000000        0x1 APPLICATION/MyAPP.o
 .data.spi_data
                0x00000000        0x1 APPLICATION/MyAPP.o
 .data.x        0x00000000        0x1 APPLICATION/MyAPP.o
 .text          0x00000000        0x0 HAL/Buzzer/Buzzer.o
 .data          0x00000000        0x0 HAL/Buzzer/Buzzer.o
 .bss           0x00000000        0x0 HAL/Buzzer/Buzzer.o
 .text.Buzzer_Start
                0x00000000       0x42 HAL/Buzzer/Buzzer.o
 .text          0x00000000        0x0 HAL/Gate/Gate.o
 .data          0x00000000        0x0 HAL/Gate/Gate.o
 .bss           0x00000000        0x0 HAL/Gate/Gate.o
 .text.Gate_Open
                0x00000000        0xa HAL/Gate/Gate.o
 .text.Gate_Close
                0x00000000        0xa HAL/Gate/Gate.o
 .text          0x00000000        0x0 HAL/LCD/LCD.o
 .data          0x00000000        0x0 HAL/LCD/LCD.o
 .bss           0x00000000        0x0 HAL/LCD/LCD.o
 .text          0x00000000        0x0 HAL/Motion Sensor/Motion.o
 .data          0x00000000        0x0 HAL/Motion Sensor/Motion.o
 .bss           0x00000000        0x0 HAL/Motion Sensor/Motion.o
 .text.Motion_Sensor_Get_State
                0x00000000        0x6 HAL/Motion Sensor/Motion.o
 .text          0x00000000        0x0 main.o
 .data          0x00000000        0x0 main.o
 .bss           0x00000000        0x0 main.o
 .text          0x00000000        0x0 MCAL/SPI.o
 .data          0x00000000        0x0 MCAL/SPI.o
 .bss           0x00000000        0x0 MCAL/SPI.o
 .text.MCAL_SPI_DeInit
                0x00000000        0xa MCAL/SPI.o
 .text.MCAL_SPI_Send
                0x00000000       0x10 MCAL/SPI.o
 .text.MCAL_SPI_MASTER_Send
                0x00000000       0x1e MCAL/SPI.o
 .text.MCAL_SPI_Receive
                0x00000000        0xc MCAL/SPI.o
 .text.MCAL_SPI_Send_string
                0x00000000       0x28 MCAL/SPI.o
 .text.MCAL_SPI_Receive_string
                0x00000000       0x4e MCAL/SPI.o
 .text          0x00000000        0x0 MCAL/Timer.o
 .data          0x00000000        0x0 MCAL/Timer.o
 .bss           0x00000000        0x0 MCAL/Timer.o
 .text.MCAL_TIMER0_Stop
                0x00000000        0x8 MCAL/Timer.o
 .text.MCAL_TIMER0_GetCompareValue
                0x00000000        0xa MCAL/Timer.o
 .text.MCAL_TIMER0_SetCompareValue
                0x00000000        0x6 MCAL/Timer.o
 .text.MCAL_TIMER0_GetCounterValue
                0x00000000        0xa MCAL/Timer.o
 .text.MCAL_TIMER0_SetCounterValue
                0x00000000        0x6 MCAL/Timer.o
 .text.MCAL_TIMER0_GetOverflowValue
                0x00000000        0xc MCAL/Timer.o
 .text.MCAL_TIMER0_SetOverflowValue
                0x00000000        0x8 MCAL/Timer.o
 .text.MCAL_PWM_DutyCycle
                0x00000000       0x86 MCAL/Timer.o
 .text          0x00000000        0x0 MCAL/UART.o
 .data          0x00000000        0x0 MCAL/UART.o
 .bss           0x00000000        0x0 MCAL/UART.o
 .text.USART_Rec_Int_Enable
                0x00000000        0x8 MCAL/UART.o
 .text.USART_Rec_Int_Disable
                0x00000000        0x8 MCAL/UART.o
 .text.USART_Trans_Int_Enable
                0x00000000        0x8 MCAL/UART.o
 .text.USART_Trans_Int_Disable
                0x00000000        0x8 MCAL/UART.o
 .text.USART_Rec_Enable
                0x00000000        0x8 MCAL/UART.o
 .text.USART_Rec_Disable
                0x00000000        0x8 MCAL/UART.o
 .text.USART_Trans_Enable
                0x00000000        0x8 MCAL/UART.o
 .text.USART_Trans_Disable
                0x00000000        0x8 MCAL/UART.o
 .text.MCAL_USART_Receive_string
                0x00000000       0x64 MCAL/UART.o
 .text.MCAL_USART_callback_Trans_Int
                0x00000000        0xa MCAL/UART.o
 .text          0x00000000        0x0 c:/program files (x86)/atmel/studio/7.0/toolchain/avr8/avr8-gnu-toolchain/bin/../lib/gcc/avr/5.4.0/avr5\libgcc.a(_udivmodsi4.o)
 .data          0x00000000        0x0 c:/program files (x86)/atmel/studio/7.0/toolchain/avr8/avr8-gnu-toolchain/bin/../lib/gcc/avr/5.4.0/avr5\libgcc.a(_udivmodsi4.o)
 .bss           0x00000000        0x0 c:/program files (x86)/atmel/studio/7.0/toolchain/avr8/avr8-gnu-toolchain/bin/../lib/gcc/avr/5.4.0/avr5\libgcc.a(_udivmodsi4.o)
 .text.libgcc.mul
                0x00000000        0x0 c:/program files (x86)/atmel/studio/7.0/toolchain/avr8/avr8-gnu-toolchain/bin/../lib/gcc/avr/5.4.0/avr5\libgcc.a(_udivmodsi4.o)
 .text.libgcc   0x00000000        0x0 c:/program files (x86)/atmel/studio/7.0/toolchain/avr8/avr8-gnu-toolchain/bin/../lib/gcc/avr/5.4.0/avr5\libgcc.a(_udivmodsi4.o)
 .text.libgcc.prologue
                0x00000000        0x0 c:/program files (x86)/atmel/studio/7.0/toolchain/avr8/avr8-gnu-toolchain/bin/../lib/gcc/avr/5.4.0/avr5\libgcc.a(_udivmodsi4.o)
 .text.libgcc.builtins
                0x00000000        0x0 c:/program files (x86)/atmel/studio/7.0/toolchain/avr8/avr8-gnu-toolchain/bin/../lib/gcc/avr/5.4.0/avr5\libgcc.a(_udivmodsi4.o)
 .text.libgcc.fmul
                0x00000000        0x0 c:/program files (x86)/atmel/studio/7.0/toolchain/avr8/avr8-gnu-toolchain/bin/../lib/gcc/avr/5.4.0/avr5\libgcc.a(_udivmodsi4.o)
 .text.libgcc.fixed
                0x00000000        0x0 c:/program files (x86)/atmel/studio/7.0/toolchain/avr8/avr8-gnu-toolchain/bin/../lib/gcc/avr/5.4.0/avr5\libgcc.a(_udivmodsi4.o)
 .text          0x00000000        0x0 c:/program files (x86)/atmel/studio/7.0/toolchain/avr8/avr8-gnu-toolchain/bin/../lib/gcc/avr/5.4.0/avr5\libgcc.a(_exit.o)
 .data          0x00000000        0x0 c:/program files (x86)/atmel/studio/7.0/toolchain/avr8/avr8-gnu-toolchain/bin/../lib/gcc/avr/5.4.0/avr5\libgcc.a(_exit.o)
 .bss           0x00000000        0x0 c:/program files (x86)/atmel/studio/7.0/toolchain/avr8/avr8-gnu-toolchain/bin/../lib/gcc/avr/5.4.0/avr5\libgcc.a(_exit.o)
 .text.libgcc.mul
                0x00000000        0x0 c:/program files (x86)/atmel/studio/7.0/toolchain/avr8/avr8-gnu-toolchain/bin/../lib/gcc/avr/5.4.0/avr5\libgcc.a(_exit.o)
 .text.libgcc.div
                0x00000000        0x0 c:/program files (x86)/atmel/studio/7.0/toolchain/avr8/avr8-gnu-toolchain/bin/../lib/gcc/avr/5.4.0/avr5\libgcc.a(_exit.o)
 .text.libgcc   0x00000000        0x0 c:/program files (x86)/atmel/studio/7.0/toolchain/avr8/avr8-gnu-toolchain/bin/../lib/gcc/avr/5.4.0/avr5\libgcc.a(_exit.o)
 .text.libgcc.prologue
                0x00000000        0x0 c:/program files (x86)/atmel/studio/7.0/toolchain/avr8/avr8-gnu-toolchain/bin/../lib/gcc/avr/5.4.0/avr5\libgcc.a(_exit.o)
 .text.libgcc.builtins
                0x00000000        0x0 c:/program files (x86)/atmel/studio/7.0/toolchain/avr8/avr8-gnu-toolchain/bin/../lib/gcc/avr/5.4.0/avr5\libgcc.a(_exit.o)
 .text.libgcc.fmul
                0x00000000        0x0 c:/program files (x86)/atmel/studio/7.0/toolchain/avr8/avr8-gnu-toolchain/bin/../lib/gcc/avr/5.4.0/avr5\libgcc.a(_exit.o)
 .text.libgcc.fixed
                0x00000000        0x0 c:/program files (x86)/atmel/studio/7.0/toolchain/avr8/avr8-gnu-toolchain/bin/../lib/gcc/avr/5.4.0/avr5\libgcc.a(_exit.o)
 .text          0x00000000        0x0 c:/program files (x86)/atmel/studio/7.0/toolchain/avr8/avr8-gnu-toolchain/bin/../lib/gcc/avr/5.4.0/avr5\libgcc.a(_copy_data.o)
 .data          0x00000000        0x0 c:/program files (x86)/atmel/studio/7.0/toolchain/avr8/avr8-gnu-toolchain/bin/../lib/gcc/avr/5.4.0/avr5\libgcc.a(_copy_data.o)
 .bss           0x00000000        0x0 c:/program files (x86)/atmel/studio/7.0/toolchain/avr8/avr8-gnu-toolchain/bin/../lib/gcc/avr/5.4.0/avr5\libgcc.a(_copy_data.o)
 .text.libgcc.mul
                0x00000000        0x0 c:/program files (x86)/atmel/studio/7.0/toolchain/avr8/avr8-gnu-toolchain/bin/../lib/gcc/avr/5.4.0/avr5\libgcc.a(_copy_data.o)
 .text.libgcc.div
                0x00000000        0x0 c:/program files (x86)/atmel/studio/7.0/toolchain/avr8/avr8-gnu-toolchain/bin/../lib/gcc/avr/5.4.0/avr5\libgcc.a(_copy_data.o)
 .text.libgcc   0x00000000        0x0 c:/program files (x86)/atmel/studio/7.0/toolchain/avr8/avr8-gnu-toolchain/bin/../lib/gcc/avr/5.4.0/avr5\libgcc.a(_copy_data.o)
 .text.libgcc.prologue
                0x00000000        0x0 c:/program files (x86)/atmel/studio/7.0/toolchain/avr8/avr8-gnu-toolchain/bin/../lib/gcc/avr/5.4.0/avr5\libgcc.a(_copy_data.o)
 .text.libgcc.builtins
                0x00000000        0x0 c:/program files (x86)/atmel/studio/7.0/toolchain/avr8/avr8-gnu-toolchain/bin/../lib/gcc/avr/5.4.0/avr5\libgcc.a(_copy_data.o)
 .text.libgcc.fmul
                0x00000000        0x0 c:/program files (x86)/atmel/studio/7.0/toolchain/avr8/avr8-gnu-toolchain/bin/../lib/gcc/avr/5.4.0/avr5\libgcc.a(_copy_data.o)
 .text.libgcc.fixed
                0x00000000        0x0 c:/program files (x86)/atmel/studio/7.0/toolchain/avr8/avr8-gnu-toolchain/bin/../lib/gcc/avr/5.4.0/avr5\libgcc.a(_copy_data.o)
 .text          0x00000000        0x0 c:/program files (x86)/atmel/studio/7.0/toolchain/avr8/avr8-gnu-toolchain/bin/../lib/gcc/avr/5.4.0/avr5\libgcc.a(_clear_bss.o)
 .data          0x00000000        0x0 c:/program files (x86)/atmel/studio/7.0/toolchain/avr8/avr8-gnu-toolchain/bin/../lib/gcc/avr/5.4.0/avr5\libgcc.a(_clear_bss.o)
 .bss           0x00000000        0x0 c:/program files (x86)/atmel/studio/7.0/toolchain/avr8/avr8-gnu-toolchain/bin/../lib/gcc/avr/5.4.0/avr5\libgcc.a(_clear_bss.o)
 .text.libgcc.mul
                0x00000000        0x0 c:/program files (x86)/atmel/studio/7.0/toolchain/avr8/avr8-gnu-toolchain/bin/../lib/gcc/avr/5.4.0/avr5\libgcc.a(_clear_bss.o)
 .text.libgcc.div
                0x00000000        0x0 c:/program files (x86)/atmel/studio/7.0/toolchain/avr8/avr8-gnu-toolchain/bin/../lib/gcc/avr/5.4.0/avr5\libgcc.a(_clear_bss.o)
 .text.libgcc   0x00000000        0x0 c:/program files (x86)/atmel/studio/7.0/toolchain/avr8/avr8-gnu-toolchain/bin/../lib/gcc/avr/5.4.0/avr5\libgcc.a(_clear_bss.o)
 .text.libgcc.prologue
                0x00000000        0x0 c:/program files (x86)/atmel/studio/7.0/toolchain/avr8/avr8-gnu-toolchain/bin/../lib/gcc/avr/5.4.0/avr5\libgcc.a(_clear_bss.o)
 .text.libgcc.builtins
                0x00000000        0x0 c:/program files (x86)/atmel/studio/7.0/toolchain/avr8/avr8-gnu-toolchain/bin/../lib/gcc/avr/5.4.0/avr5\libgcc.a(_clear_bss.o)
 .text.libgcc.fmul
                0x00000000        0x0 c:/program files (x86)/atmel/studio/7.0/toolchain/avr8/avr8-gnu-toolchain/bin/../lib/gcc/avr/5.4.0/avr5\libgcc.a(_clear_bss.o)
 .text.libgcc.fixed
                0x00000000        0x0 c:/program files (x86)/atmel/studio/7.0/toolchain/avr8/avr8-gnu-toolchain/bin/../lib/gcc/avr/5.4.0/avr5\libgcc.a(_clear_bss.o)
 .text          0x00000000        0x0 c:/program files (x86)/atmel/studio/7.0/toolchain/avr8/avr8-gnu-toolchain/bin/../lib/gcc/avr/5.4.0/avr5\libgcc.a(_umulhisi3.o)
 .data          0x00000000        0x0 c:/program files (x86)/atmel/studio/7.0/toolchain/avr8/avr8-gnu-toolchain/bin/../lib/gcc/avr/5.4.0/avr5\libgcc.a(_umulhisi3.o)
 .bss           0x00000000        0x0 c:/program files (x86)/atmel/studio/7.0/toolchain/avr8/avr8-gnu-toolchain/bin/../lib/gcc/avr/5.4.0/avr5\libgcc.a(_umulhisi3.o)
 .text.libgcc.div
                0x00000000        0x0 c:/program files (x86)/atmel/studio/7.0/toolchain/avr8/avr8-gnu-toolchain/bin/../lib/gcc/avr/5.4.0/avr5\libgcc.a(_umulhisi3.o)
 .text.libgcc   0x00000000        0x0 c:/program files (x86)/atmel/studio/7.0/toolchain/avr8/avr8-gnu-toolchain/bin/../lib/gcc/avr/5.4.0/avr5\libgcc.a(_umulhisi3.o)
 .text.libgcc.prologue
                0x00000000        0x0 c:/program files (x86)/atmel/studio/7.0/toolchain/avr8/avr8-gnu-toolchain/bin/../lib/gcc/avr/5.4.0/avr5\libgcc.a(_umulhisi3.o)
 .text.libgcc.builtins
                0x00000000        0x0 c:/program files (x86)/atmel/studio/7.0/toolchain/avr8/avr8-gnu-toolchain/bin/../lib/gcc/avr/5.4.0/avr5\libgcc.a(_umulhisi3.o)
 .text.libgcc.fmul
                0x00000000        0x0 c:/program files (x86)/atmel/studio/7.0/toolchain/avr8/avr8-gnu-toolchain/bin/../lib/gcc/avr/5.4.0/avr5\libgcc.a(_umulhisi3.o)
 .text.libgcc.fixed
                0x00000000        0x0 c:/program files (x86)/atmel/studio/7.0/toolchain/avr8/avr8-gnu-toolchain/bin/../lib/gcc/avr/5.4.0/avr5\libgcc.a(_umulhisi3.o)
 .text          0x00000000        0x0 c:/program files (x86)/atmel/studio/7.0/toolchain/avr8/avr8-gnu-toolchain/bin/../lib/gcc/avr/5.4.0/../../../../avr/lib/avr5\libc.a(sprintf.o)
 .data          0x00000000        0x0 c:/program files (x86)/atmel/studio/7.0/toolchain/avr8/avr8-gnu-toolchain/bin/../lib/gcc/avr/5.4.0/../../../../avr/lib/avr5\libc.a(sprintf.o)
 .bss           0x00000000        0x0 c:/program files (x86)/atmel/studio/7.0/toolchain/avr8/avr8-gnu-toolchain/bin/../lib/gcc/avr/5.4.0/../../../../avr/lib/avr5\libc.a(sprintf.o)
 .text          0x00000000        0x0 c:/program files (x86)/atmel/studio/7.0/toolchain/avr8/avr8-gnu-toolchain/bin/../lib/gcc/avr/5.4.0/../../../../avr/lib/avr5\libc.a(vfprintf_std.o)
 .data          0x00000000        0x0 c:/program files (x86)/atmel/studio/7.0/toolchain/avr8/avr8-gnu-toolchain/bin/../lib/gcc/avr/5.4.0/../../../../avr/lib/avr5\libc.a(vfprintf_std.o)
 .bss           0x00000000        0x0 c:/program files (x86)/atmel/studio/7.0/toolchain/avr8/avr8-gnu-toolchain/bin/../lib/gcc/avr/5.4.0/../../../../avr/lib/avr5\libc.a(vfprintf_std.o)
 .text          0x00000000        0x0 c:/program files (x86)/atmel/studio/7.0/toolchain/avr8/avr8-gnu-toolchain/bin/../lib/gcc/avr/5.4.0/../../../../avr/lib/avr5\libc.a(strnlen_P.o)
 .data          0x00000000        0x0 c:/program files (x86)/atmel/studio/7.0/toolchain/avr8/avr8-gnu-toolchain/bin/../lib/gcc/avr/5.4.0/../../../../avr/lib/avr5\libc.a(strnlen_P.o)
 .bss           0x00000000        0x0 c:/program files (x86)/atmel/studio/7.0/toolchain/avr8/avr8-gnu-toolchain/bin/../lib/gcc/avr/5.4.0/../../../../avr/lib/avr5\libc.a(strnlen_P.o)
 .text          0x00000000        0x0 c:/program files (x86)/atmel/studio/7.0/toolchain/avr8/avr8-gnu-toolchain/bin/../lib/gcc/avr/5.4.0/../../../../avr/lib/avr5\libc.a(strnlen.o)
 .data          0x00000000        0x0 c:/program files (x86)/atmel/studio/7.0/toolchain/avr8/avr8-gnu-toolchain/bin/../lib/gcc/avr/5.4.0/../../../../avr/lib/avr5\libc.a(strnlen.o)
 .bss           0x00000000        0x0 c:/program files (x86)/atmel/studio/7.0/toolchain/avr8/avr8-gnu-toolchain/bin/../lib/gcc/avr/5.4.0/../../../../avr/lib/avr5\libc.a(strnlen.o)
 .text          0x00000000        0x0 c:/program files (x86)/atmel/studio/7.0/toolchain/avr8/avr8-gnu-toolchain/bin/../lib/gcc/avr/5.4.0/../../../../avr/lib/avr5\libc.a(fputc.o)
 .data          0x00000000        0x0 c:/program files (x86)/atmel/studio/7.0/toolchain/avr8/avr8-gnu-toolchain/bin/../lib/gcc/avr/5.4.0/../../../../avr/lib/avr5\libc.a(fputc.o)
 .bss           0x00000000        0x0 c:/program files (x86)/atmel/studio/7.0/toolchain/avr8/avr8-gnu-toolchain/bin/../lib/gcc/avr/5.4.0/../../../../avr/lib/avr5\libc.a(fputc.o)
 .text          0x00000000        0x0 c:/program files (x86)/atmel/studio/7.0/toolchain/avr8/avr8-gnu-toolchain/bin/../lib/gcc/avr/5.4.0/../../../../avr/lib/avr5\libc.a(ultoa_invert.o)
 .data          0x00000000        0x0 c:/program files (x86)/atmel/studio/7.0/toolchain/avr8/avr8-gnu-toolchain/bin/../lib/gcc/avr/5.4.0/../../../../avr/lib/avr5\libc.a(ultoa_invert.o)
 .bss           0x00000000        0x0 c:/program files (x86)/atmel/studio/7.0/toolchain/avr8/avr8-gnu-toolchain/bin/../lib/gcc/avr/5.4.0/../../../../avr/lib/avr5\libc.a(ultoa_invert.o)
 .text          0x00000000        0x0 c:/program files (x86)/atmel/studio/7.0/toolchain/avr8/avr8-gnu-toolchain/bin/../lib/gcc/avr/5.4.0/avr5\libgcc.a(_prologue.o)
 .data          0x00000000        0x0 c:/program files (x86)/atmel/studio/7.0/toolchain/avr8/avr8-gnu-toolchain/bin/../lib/gcc/avr/5.4.0/avr5\libgcc.a(_prologue.o)
 .bss           0x00000000        0x0 c:/program files (x86)/atmel/studio/7.0/toolchain/avr8/avr8-gnu-toolchain/bin/../lib/gcc/avr/5.4.0/avr5\libgcc.a(_prologue.o)
 .text.libgcc.mul
                0x00000000        0x0 c:/program files (x86)/atmel/studio/7.0/toolchain/avr8/avr8-gnu-toolchain/bin/../lib/gcc/avr/5.4.0/avr5\libgcc.a(_prologue.o)
 .text.libgcc.div
                0x00000000        0x0 c:/program files (x86)/atmel/studio/7.0/toolchain/avr8/avr8-gnu-toolchain/bin/../lib/gcc/avr/5.4.0/avr5\libgcc.a(_prologue.o)
 .text.libgcc   0x00000000        0x0 c:/program files (x86)/atmel/studio/7.0/toolchain/avr8/avr8-gnu-toolchain/bin/../lib/gcc/avr/5.4.0/avr5\libgcc.a(_prologue.o)
 .text.libgcc.builtins
                0x00000000        0x0 c:/program files (x86)/atmel/studio/7.0/toolchain/avr8/avr8-gnu-toolchain/bin/../lib/gcc/avr/5.4.0/avr5\libgcc.a(_prologue.o)
 .text.libgcc.fmul
                0x00000000        0x0 c:/program files (x86)/atmel/studio/7.0/toolchain/avr8/avr8-gnu-toolchain/bin/../lib/gcc/avr/5.4.0/avr5\libgcc.a(_prologue.o)
 .text.libgcc.fixed
                0x00000000        0x0 c:/program files (x86)/atmel/studio/7.0/toolchain/avr8/avr8-gnu-toolchain/bin/../lib/gcc/avr/5.4.0/avr5\libgcc.a(_prologue.o)
 .text          0x00000000        0x0 c:/program files (x86)/atmel/studio/7.0/toolchain/avr8/avr8-gnu-toolchain/bin/../lib/gcc/avr/5.4.0/avr5\libgcc.a(_epilogue.o)
 .data          0x00000000        0x0 c:/program files (x86)/atmel/studio/7.0/toolchain/avr8/avr8-gnu-toolchain/bin/../lib/gcc/avr/5.4.0/avr5\libgcc.a(_epilogue.o)
 .bss           0x00000000        0x0 c:/program files (x86)/atmel/studio/7.0/toolchain/avr8/avr8-gnu-toolchain/bin/../lib/gcc/avr/5.4.0/avr5\libgcc.a(_epilogue.o)
 .text.libgcc.mul
                0x00000000        0x0 c:/program files (x86)/atmel/studio/7.0/toolchain/avr8/avr8-gnu-toolchain/bin/../lib/gcc/avr/5.4.0/avr5\libgcc.a(_epilogue.o)
 .text.libgcc.div
                0x00000000        0x0 c:/program files (x86)/atmel/studio/7.0/toolchain/avr8/avr8-gnu-toolchain/bin/../lib/gcc/avr/5.4.0/avr5\libgcc.a(_epilogue.o)
 .text.libgcc   0x00000000        0x0 c:/program files (x86)/atmel/studio/7.0/toolchain/avr8/avr8-gnu-toolchain/bin/../lib/gcc/avr/5.4.0/avr5\libgcc.a(_epilogue.o)
 .text.libgcc.builtins
                0x00000000        0x0 c:/program files (x86)/atmel/studio/7.0/toolchain/avr8/avr8-gnu-toolchain/bin/../lib/gcc/avr/5.4.0/avr5\libgcc.a(_epilogue.o)
 .text.libgcc.fmul
                0x00000000        0x0 c:/program files (x86)/atmel/studio/7.0/toolchain/avr8/avr8-gnu-toolchain/bin/../lib/gcc/avr/5.4.0/avr5\libgcc.a(_epilogue.o)
 .text.libgcc.fixed
                0x00000000        0x0 c:/program files (x86)/atmel/studio/7.0/toolchain/avr8/avr8-gnu-toolchain/bin/../lib/gcc/avr/5.4.0/avr5\libgcc.a(_epilogue.o)

Memory Configuration

Name             Origin             Length             Attributes
text             0x00000000         0x00008000         xr
data             0x00800060         0x00000800         rw !x
eeprom           0x00810000         0x00000400         rw !x
fuse             0x00820000         0x00000002         rw !x
lock             0x00830000         0x00000400         rw !x
signature        0x00840000         0x00000400         rw !x
user_signatures  0x00850000         0x00000400         rw !x
*default*        0x00000000         0xffffffff

Linker script and memory map

LOAD C:/Program Files (x86)/Atmel/Studio/7.0/Packs/atmel/ATmega_DFP/1.7.374/gcc/dev/atmega32/avr5/crtatmega32.o
LOAD APPLICATION/MyAPP.o
LOAD HAL/Buzzer/Buzzer.o
LOAD HAL/Gate/Gate.o
LOAD HAL/LCD/LCD.o
LOAD HAL/Motion Sensor/Motion.o
LOAD main.o
LOAD MCAL/SPI.o
LOAD MCAL/Timer.o
LOAD MCAL/UART.o
START GROUP
LOAD c:/program files (x86)/atmel/studio/7.0/toolchain/avr8/avr8-gnu-toolchain/bin/../lib/gcc/avr/5.4.0/../../../../avr/lib/avr5\libm.a
END GROUP
START GROUP
LOAD c:/program files (x86)/atmel/studio/7.0/toolchain/avr8/avr8-gnu-toolchain/bin/../lib/gcc/avr/5.4.0/avr5\libgcc.a
LOAD c:/program files (x86)/atmel/studio/7.0/toolchain/avr8/avr8-gnu-toolchain/bin/../lib/gcc/avr/5.4.0/../../../../avr/lib/avr5\libm.a
LOAD c:/program files (x86)/atmel/studio/7.0/toolchain/avr8/avr8-gnu-toolchain/bin/../lib/gcc/avr/5.4.0/../../../../avr/lib/avr5\libc.a
LOAD C:/Program Files (x86)/Atmel/Studio/7.0/Packs/atmel/ATmega_DFP/1.7.374/gcc/dev/atmega32/avr5\libatmega32.a
END GROUP
                0x00000000                __TEXT_REGION_ORIGIN__ = DEFINED (__TEXT_REGION_ORIGIN__)?__TEXT_REGION_ORIGIN__:0x0
                [0x00800060]                __DATA_REGION_ORIGIN__ = DEFINED (__DATA_REGION_ORIGIN__)?__DATA_REGION_ORIGIN__:0x800060
                [0x00008000]                __TEXT_REGION_LENGTH__ = DEFINED (__TEXT_REGION_LENGTH__)?__TEXT_REGION_LENGTH__:0x20000
                [0x00000800]                __DATA_REGION_LENGTH__ = DEFINED (__DATA_REGION_LENGTH__)?__DATA_REGION_LENGTH__:0xffa0
                [0x00000400]                __EEPROM_REGION_LENGTH__ = DEFINED (__EEPROM_REGION_LENGTH__)?__EEPROM_REGION_LENGTH__:0x10000
                [0x00000002]                __FUSE_REGION_LENGTH__ = DEFINED (__FUSE_REGION_LENGTH__)?__FUSE_REGION_LENGTH__:0x400
                0x00000400                __LOCK_REGION_LENGTH__ = DEFINED (__LOCK_REGION_LENGTH__)?__LOCK_REGION_LENGTH__:0x400
                0x00000400                __SIGNATURE_REGION_LENGTH__ = DEFINED (__SIGNATURE_REGION_LENGTH__)?__SIGNATURE_REGION_LENGTH__:0x400
                0x00000400                __USER_SIGNATURE_REGION_LENGTH__ = DEFINED (__USER_SIGNATURE_REGION_LENGTH__)?__USER_SIGNATURE_REGION_LENGTH__:0x400

.hash
 *(.hash)

.dynsym
 *(.dynsym)

.dynstr
 *(.dynstr)

.gnu.version
 *(.gnu.version)

.gnu.version_d
 *(.gnu.version_d)

.gnu.version_r
 *(.gnu.version_r)

.rel.init
 *(.rel.init)

.rela.init
 *(.rela.init)

.rel.text
 *(.rel.text)
 *(.rel.text.*)
 *(.rel.gnu.linkonce.t*)

.rela.text
 *(.rela.text)
 *(.rela.text.*)
 *(.rela.gnu.linkonce.t*)

.rel.fini
 *(.rel.fini)

.rela.fini
 *(.rela.fini)

.rel.rodata
 *(.rel.rodata)
 *(.rel.rodata.*)
 *(.rel.gnu.linkonce.r*)

.rela.rodata
 *(.rela.rodata)
 *(.rela.rodata.*)
 *(.rela.gnu.linkonce.r*)

.rel.data
 *(.rel.data)
 *(.rel.data.*)
 *(.rel.gnu.linkonce.d*)

.rela.data
 *(.rela.data)
 *(.rela.data.*)
 *(.rela.gnu.linkonce.d*)

.rel.ctors
 *(.rel.ctors)

.rela.ctors
 *(.rela.ctors)

.rel.dtors
 *(.rel.dtors)

.rela.dtors
 *(.rela.dtors)

.rel.got
 *(.rel.got)

.rela.got
 *(.rela.got)

.rel.bss
 *(.rel.bss)

.rela.bss
 *(.rela.bss)

.rel.plt
 *(.rel.plt)

.rela.plt
 *(.rela.plt)

.text           0x00000000     0x1048
 *(.vectors)
 .vectors       0x00000000       0x54 C:/Program Files (x86)/Atmel/Studio/7.0/Packs/atmel/ATmega_DFP/1.7.374/gcc/dev/atmega32/avr5/crtatmega32.o
                0x00000000                __vector_default
                0x00000000                __vectors
 *(.vectors)
 *(.progmem.gcc*)
                0x00000054                . = ALIGN (0x2)
                0x00000054                __trampolines_start = .
 *(.trampolines)
 .trampolines   0x00000054        0x0 linker stubs
 *(.trampolines*)
                0x00000054                __trampolines_end = .
 *libprintf_flt.a:*(.progmem.data)
 *libc.a:*(.progmem.data)
 *(.progmem*)
                0x00000054                . = ALIGN (0x2)
 *(.jumptables)
 *(.jumptables*)
 *(.lowtext)
 *(.lowtext*)
                0x00000054                __ctors_start = .
 *(.ctors)
                0x00000054                __ctors_end = .
                0x00000054                __dtors_start = .
 *(.dtors)
                0x00000054                __dtors_end = .
 SORT(*)(.ctors)
 SORT(*)(.dtors)
 *(.init0)
 .init0         0x00000054        0x0 C:/Program Files (x86)/Atmel/Studio/7.0/Packs/atmel/ATmega_DFP/1.7.374/gcc/dev/atmega32/avr5/crtatmega32.o
                0x00000054                __init
 *(.init0)
 *(.init1)
 *(.init1)
 *(.init2)
 .init2         0x00000054        0xc C:/Program Files (x86)/Atmel/Studio/7.0/Packs/atmel/ATmega_DFP/1.7.374/gcc/dev/atmega32/avr5/crtatmega32.o
 *(.init2)
 *(.init3)
 *(.init3)
 *(.init4)
 .init4         0x00000060       0x16 c:/program files (x86)/atmel/studio/7.0/toolchain/avr8/avr8-gnu-toolchain/bin/../lib/gcc/avr/5.4.0/avr5\libgcc.a(_copy_data.o)
                0x00000060                __do_copy_data
 .init4         0x00000076       0x10 c:/program files (x86)/atmel/studio/7.0/toolchain/avr8/avr8-gnu-toolchain/bin/../lib/gcc/avr/5.4.0/avr5\libgcc.a(_clear_bss.o)
                0x00000076                __do_clear_bss
 *(.init4)
 *(.init5)
 *(.init5)
 *(.init6)
 *(.init6)
 *(.init7)
 *(.init7)
 *(.init8)
 *(.init8)
 *(.init9)
 .init9         0x00000086        0x8 C:/Program Files (x86)/Atmel/Studio/7.0/Packs/atmel/ATmega_DFP/1.7.374/gcc/dev/atmega32/avr5/crtatmega32.o
 *(.init9)
 *(.text)
 .text          0x0000008e        0x4 C:/Program Files (x86)/Atmel/Studio/7.0/Packs/atmel/ATmega_DFP/1.7.374/gcc/dev/atmega32/avr5/crtatmega32.o
                0x0000008e                __vector_1
                0x0000008e                __bad_interrupt
                0x0000008e                __vector_6
                0x0000008e                __vector_3
                0x0000008e                __vector_17
                0x0000008e                __vector_19
                0x0000008e                __vector_7
                0x0000008e                __vector_5
                0x0000008e                __vector_4
                0x0000008e                __vector_9
                0x0000008e                __vector_2
                0x0000008e                __vector_8
                0x0000008e                __vector_14
                0x0000008e                __vector_16
                0x0000008e                __vector_18
                0x0000008e                __vector_20
                0x00000092                . = ALIGN (0x2)
 *(.text.*)
 .text.ECU1_USART_IRQ_CallBack
                0x00000092       0x56 APPLICATION/MyAPP.o
                0x00000092                ECU1_USART_IRQ_CallBack
 .text.UART_Welcome_Message
                0x000000e8       0x30 APPLICATION/MyAPP.o
                0x000000e8                UART_Welcome_Message
 .text.SPI_Slave_Welcome_Message
                0x00000118       0x60 APPLICATION/MyAPP.o
                0x00000118                SPI_Slave_Welcome_Message
 .text.LCD_Welcome_Message
                0x00000178       0x7a APPLICATION/MyAPP.o
                0x00000178                LCD_Welcome_Message
 .text.APP_SPI_Init
                0x000001f2       0x2e APPLICATION/MyAPP.o
                0x000001f2                APP_SPI_Init
 .text.APP_UART_Init
                0x00000220       0x50 APPLICATION/MyAPP.o
                0x00000220                APP_UART_Init
 .text.APP_LEDs_Init
                0x00000270        0xe APPLICATION/MyAPP.o
                0x00000270                APP_LEDs_Init
 .text.ECU1_APP_SETUP
                0x0000027e       0x18 APPLICATION/MyAPP.o
                0x0000027e                ECU1_APP_SETUP
 .text.ECU1_APP_RUNNING
                0x00000296        0x6 APPLICATION/MyAPP.o
                0x00000296                ECU1_APP_RUNNING
 .text.Buzzer_Init
                0x0000029c        0x8 HAL/Buzzer/Buzzer.o
                0x0000029c                Buzzer_Init
 .text.TIMER0_CompareMatch_PWM_CallBack
                0x000002a4       0x10 HAL/Gate/Gate.o
 .text.TIMER0_Overflow_PWM_CallBack
                0x000002b4        0x8 HAL/Gate/Gate.o
 .text.Gate_Init
                0x000002bc       0xd4 HAL/Gate/Gate.o
                0x000002bc                Gate_Init
 .text.ENABLE_cycle
                0x00000390       0x1a HAL/LCD/LCD.o
                0x00000390                ENABLE_cycle
 .text.LCD_isbusy
                0x000003aa       0x1e HAL/LCD/LCD.o
                0x000003aa                LCD_isbusy
 .text.LCD_command
                0x000003c8       0x2a HAL/LCD/LCD.o
                0x000003c8                LCD_command
 .text.LCD_clear_screen
                0x000003f2        0x8 HAL/LCD/LCD.o
                0x000003f2                LCD_clear_screen
 .text.LCD_GOTO
                0x000003fa       0x34 HAL/LCD/LCD.o
                0x000003fa                LCD_GOTO
 .text.LCD_init
                0x0000042e       0x4c HAL/LCD/LCD.o
                0x0000042e                LCD_init
 .text.LCD_write_char
                0x0000047a       0x2a HAL/LCD/LCD.o
                0x0000047a                LCD_write_char
 .text.LCD_write_string
                0x000004a4       0x52 HAL/LCD/LCD.o
                0x000004a4                LCD_write_string
 .text.LCD_display_number
                0x000004f6       0x5a HAL/LCD/LCD.o
                0x000004f6                LCD_display_number
 .text.Motion_Sensor_Init
                0x00000550        0x8 HAL/Motion Sensor/Motion.o
                0x00000550                Motion_Sensor_Init
 .text.main     0x00000558        0xe main.o
                0x00000558                main
 .text.MCAL_SPI_DIO_Pins_Init
                0x00000566       0x36 MCAL/SPI.o
                0x00000566                MCAL_SPI_DIO_Pins_Init
 .text.MCAL_SPI_Init
                0x0000059c       0x48 MCAL/SPI.o
                0x0000059c                MCAL_SPI_Init
 .text.MCAL_SPI_Tx_Rx
                0x000005e4        0xe MCAL/SPI.o
                0x000005e4                MCAL_SPI_Tx_Rx
 .text.__vector_12
                0x000005f2       0x54 MCAL/SPI.o
                0x000005f2                __vector_12
 .text.MCAL_TIMER0_Init
                0x00000646       0x86 MCAL/Timer.o
                0x00000646                MCAL_TIMER0_Init
 .text.MCAL_PWM_DutyCycle_2
                0x000006cc       0x1c MCAL/Timer.o
                0x000006cc                MCAL_PWM_DutyCycle_2
 .text.TIMER0_CALLBACK_Overflow_INTERRUPT
                0x000006e8        0xa MCAL/Timer.o
                0x000006e8                TIMER0_CALLBACK_Overflow_INTERRUPT
 .text.TIMER0_CALLBACK_CompareMatch_INTERRUPT
                0x000006f2        0xa MCAL/Timer.o
                0x000006f2                TIMER0_CALLBACK_CompareMatch_INTERRUPT
 .text.__vector_10
                0x000006fc       0x4e MCAL/Timer.o
                0x000006fc                __vector_10
 .text.__vector_11
                0x0000074a       0x58 MCAL/Timer.o
                0x0000074a                __vector_11
 .text.MCAL_USART_Init
                0x000007a2      0x164 MCAL/UART.o
                0x000007a2                MCAL_USART_Init
 .text.MCAL_USART_Transmit
                0x00000906       0x18 MCAL/UART.o
                0x00000906                MCAL_USART_Transmit
 .text.MCAL_USART_Receive
                0x0000091e       0x2e MCAL/UART.o
                0x0000091e                MCAL_USART_Receive
 .text.MCAL_USART_Transmit_string
                0x0000094c       0x1c MCAL/UART.o
                0x0000094c                MCAL_USART_Transmit_string
 .text.MCAL_USART_callback_Rec_Int
                0x00000968        0xa MCAL/UART.o
                0x00000968                MCAL_USART_callback_Rec_Int
 .text.__vector_13
                0x00000972       0x4e MCAL/UART.o
                0x00000972                __vector_13
 .text.__vector_15
                0x000009c0       0x4e MCAL/UART.o
                0x000009c0                __vector_15
 .text.libgcc.div
                0x00000a0e       0x44 c:/program files (x86)/atmel/studio/7.0/toolchain/avr8/avr8-gnu-toolchain/bin/../lib/gcc/avr/5.4.0/avr5\libgcc.a(_udivmodsi4.o)
                0x00000a0e                __udivmodsi4
 .text.libgcc.mul
                0x00000a52       0x1e c:/program files (x86)/atmel/studio/7.0/toolchain/avr8/avr8-gnu-toolchain/bin/../lib/gcc/avr/5.4.0/avr5\libgcc.a(_umulhisi3.o)
                0x00000a52                __umulhisi3
 .text.avr-libc
                0x00000a70       0x44 c:/program files (x86)/atmel/studio/7.0/toolchain/avr8/avr8-gnu-toolchain/bin/../lib/gcc/avr/5.4.0/../../../../avr/lib/avr5\libc.a(sprintf.o)
                0x00000a70                sprintf
 .text.avr-libc
                0x00000ab4      0x3c2 c:/program files (x86)/atmel/studio/7.0/toolchain/avr8/avr8-gnu-toolchain/bin/../lib/gcc/avr/5.4.0/../../../../avr/lib/avr5\libc.a(vfprintf_std.o)
                0x00000ab4                vfprintf
 .text.avr-libc
                0x00000e76       0x16 c:/program files (x86)/atmel/studio/7.0/toolchain/avr8/avr8-gnu-toolchain/bin/../lib/gcc/avr/5.4.0/../../../../avr/lib/avr5\libc.a(strnlen_P.o)
                0x00000e76                strnlen_P
 .text.avr-libc
                0x00000e8c       0x16 c:/program files (x86)/atmel/studio/7.0/toolchain/avr8/avr8-gnu-toolchain/bin/../lib/gcc/avr/5.4.0/../../../../avr/lib/avr5\libc.a(strnlen.o)
                0x00000e8c                strnlen
 .text.avr-libc
                0x00000ea2       0x78 c:/program files (x86)/atmel/studio/7.0/toolchain/avr8/avr8-gnu-toolchain/bin/../lib/gcc/avr/5.4.0/../../../../avr/lib/avr5\libc.a(fputc.o)
                0x00000ea2                fputc
 .text.avr-libc
                0x00000f1a       0xbc c:/program files (x86)/atmel/studio/7.0/toolchain/avr8/avr8-gnu-toolchain/bin/../lib/gcc/avr/5.4.0/../../../../avr/lib/avr5\libc.a(ultoa_invert.o)
                0x00000f1a                __ultoa_invert
 .text.libgcc.prologue
                0x00000fd6       0x38 c:/program files (x86)/atmel/studio/7.0/toolchain/avr8/avr8-gnu-toolchain/bin/../lib/gcc/avr/5.4.0/avr5\libgcc.a(_prologue.o)
                0x00000fd6                __prologue_saves__
 .text.libgcc.prologue
                0x0000100e       0x36 c:/program files (x86)/atmel/studio/7.0/toolchain/avr8/avr8-gnu-toolchain/bin/../lib/gcc/avr/5.4.0/avr5\libgcc.a(_epilogue.o)
                0x0000100e                __epilogue_restores__
                0x00001044                . = ALIGN (0x2)
 *(.fini9)
 .fini9         0x00001044        0x0 c:/program files (x86)/atmel/studio/7.0/toolchain/avr8/avr8-gnu-toolchain/bin/../lib/gcc/avr/5.4.0/avr5\libgcc.a(_exit.o)
                0x00001044                _exit
                0x00001044                exit
 *(.fini9)
 *(.fini8)
 *(.fini8)
 *(.fini7)
 *(.fini7)
 *(.fini6)
 *(.fini6)
 *(.fini5)
 *(.fini5)
 *(.fini4)
 *(.fini4)
 *(.fini3)
 *(.fini3)
 *(.fini2)
 *(.fini2)
 *(.fini1)
 *(.fini1)
 *(.fini0)
 .fini0         0x00001044        0x4 c:/program files (x86)/atmel/studio/7.0/toolchain/avr8/avr8-gnu-toolchain/bin/../lib/gcc/avr/5.4.0/avr5\libgcc.a(_exit.o)
 *(.fini0)
                0x00001048                _etext = .

.data           0x00800060      0x148 load address 0x00001048
                0x00800060                PROVIDE (__data_start, .)
 *(.data)
 *(.data*)
 .data.Glob_Available_Slots
                0x00800060        0x1 APPLICATION/MyAPP.o
                0x00800060                Glob_Available_Slots
 *(.gnu.linkonce.d*)
 *(.rodata)
 *(.rodata*)
 .rodata.str1.1
                0x00800061      0x115 APPLICATION/MyAPP.o
 .rodata.str1.1
                0x00800176       0x2e HAL/Gate/Gate.o
 .rodata.str1.1
                0x008001a4        0x3 HAL/LCD/LCD.o
 *(.gnu.linkonce.r*)
                0x008001a8                . = ALIGN (0x2)
 *fill*         0x008001a7        0x1 
                0x008001a8                _edata = .
                0x008001a8                PROVIDE (__data_end, .)

.bss            0x008001a8       0x1c
                0x008001a8                PROVIDE (__bss_start, .)
 *(.bss)
 *(.bss*)
 .bss.Ptr_To_Rec_Int
                0x008001a8        0x2 MCAL/UART.o
 .bss.Ptr_To_Trans_Int
                0x008001aa        0x2 MCAL/UART.o
 *(COMMON)
 COMMON         0x008001ac        0x6 APPLICATION/MyAPP.o
                0x008001ac                uart_string
                0x008001ae                spi_string
                0x008001b0                uart_data
                0x008001b1                received_data
 COMMON         0x008001b2        0x2 MCAL/SPI.o
                0x008001b2                Global_SPI_Config
 COMMON         0x008001b4        0x7 MCAL/Timer.o
                0x008001b4                u8_TOVNumber
                0x008001b5                CALLBACK_CM
                0x008001b7                TIMER0_Configurations
                0x008001b9                CALLBACK_OVF
 COMMON         0x008001bb        0x9 MCAL/UART.o
                0x008001bb                global_USART_Config
                0x008001c4                PROVIDE (__bss_end, .)
                0x00001048                __data_load_start = LOADADDR (.data)
                0x00001190                __data_load_end = (__data_load_start + SIZEOF (.data))

.noinit         0x008001c4        0x0
                [!provide]                PROVIDE (__noinit_start, .)
 *(.noinit*)
                [!provide]                PROVIDE (__noinit_end, .)
                0x008001c4                _end = .
                [!provide]                PROVIDE (__heap_start, .)

.eeprom         0x00810000        0x0
 *(.eeprom*)
                0x00810000                __eeprom_end = .

.fuse
 *(.fuse)
 *(.lfuse)
 *(.hfuse)
 *(.efuse)

.lock
 *(.lock*)

.signature
 *(.signature*)

.user_signatures
 *(.user_signatures*)

.stab
 *(.stab)

.stabstr
 *(.stabstr)

.stab.excl
 *(.stab.excl)

.stab.exclstr
 *(.stab.exclstr)

.stab.index
 *(.stab.index)

.stab.indexstr
 *(.stab.indexstr)

.comment        0x00000000       0x5c
 *(.comment)
 .comment       0x00000000       0x30 APPLICATION/MyAPP.o
                                 0x31 (size before relaxing)
 .comment       0x00000030       0x31 HAL/Buzzer/Buzzer.o
 .comment       0x00000030       0x31 HAL/Gate/Gate.o
 .comment       0x00000030       0x31 HAL/LCD/LCD.o
 .comment       0x00000030       0x31 HAL/Motion Sensor/Motion.o
 .comment       0x00000030       0x31 main.o
 .comment       0x00000030       0x31 MCAL/SPI.o
 .comment       0x00000030       0x31 MCAL/Timer.o
 .comment       0x00000030       0x31 MCAL/UART.o
 .comment       0x00000030       0x31 c:/program files (x86)/atmel/studio/7.0/toolchain/avr8/avr8-gnu-toolchain/bin/../lib/gcc/avr/5.4.0/../../../../avr/lib/avr5\libc.a(sprintf.o)
 .comment       0x00000030       0x2c c:/program files (x86)/atmel/studio/7.0/toolchain/avr8/avr8-gnu-toolchain/bin/../lib/gcc/avr/5.4.0/../../../../avr/lib/avr5\libc.a(vfprintf_std.o)
                                 0x2d (size before relaxing)
 .comment       0x0000005c       0x31 c:/program files (x86)/atmel/studio/7.0/toolchain/avr8/avr8-gnu-toolchain/bin/../lib/gcc/avr/5.4.0/../../../../avr/lib/avr5\libc.a(fputc.o)

.note.gnu.avr.deviceinfo
                0x00000000       0x3c
 .note.gnu.avr.deviceinfo
                0x00000000       0x3c C:/Program Files (x86)/Atmel/Studio/7.0/Packs/atmel/ATmega_DFP/1.7.374/gcc/dev/atmega32/avr5/crtatmega32.o

.note.gnu.build-id
 *(.note.gnu.build-id)

.debug
 *(.debug)

.line
 *(.line)

.debug_srcinfo
 *(.debug_srcinfo)

.debug_sfnames
 *(.debug_sfnames)

.debug_aranges  0x00000000      0x318
 *(.debug_aranges)
 .debug_aranges
                0x00000000       0x78 APPLICATION/MyAPP.o
 .debug_aranges
                0x00000078       0x28 HAL/Buzzer/Buzzer.o
 .debug_aranges
                0x000000a0       0x40 HAL/Gate/Gate.o
 .debug_aranges
                0x000000e0       0x60 HAL/LCD/LCD.o
 .debug_aranges
                0x00000140       0x28 HAL/Motion Sensor/Motion.o
 .debug_aranges
                0x00000168       0x20 main.o
 .debug_aranges
                0x00000188       0x68 MCAL/SPI.o
 .debug_aranges
                0x000001f0       0x88 MCAL/Timer.o
 .debug_aranges
                0x00000278       0xa0 MCAL/UART.o

.debug_pubnames
 *(.debug_pubnames)

.debug_info     0x00000000     0x2db6
 *(.debug_info .gnu.linkonce.wi.*)
 .debug_info    0x00000000      0x4e6 C:/Program Files (x86)/Atmel/Studio/7.0/Packs/atmel/ATmega_DFP/1.7.374/gcc/dev/atmega32/avr5/crtatmega32.o
 .debug_info    0x000004e6      0xd23 APPLICATION/MyAPP.o
 .debug_info    0x00001209       0xec HAL/Buzzer/Buzzer.o
 .debug_info    0x000012f5      0x5ad HAL/Gate/Gate.o
 .debug_info    0x000018a2      0x4d3 HAL/LCD/LCD.o
 .debug_info    0x00001d75       0xda HAL/Motion Sensor/Motion.o
 .debug_info    0x00001e4f       0xd7 main.o
 .debug_info    0x00001f26      0x408 MCAL/SPI.o
 .debug_info    0x0000232e      0x534 MCAL/Timer.o
 .debug_info    0x00002862      0x554 MCAL/UART.o

.debug_abbrev   0x00000000     0x10d4
 *(.debug_abbrev)
 .debug_abbrev  0x00000000      0x4a3 C:/Program Files (x86)/Atmel/Studio/7.0/Packs/atmel/ATmega_DFP/1.7.374/gcc/dev/atmega32/avr5/crtatmega32.o
 .debug_abbrev  0x000004a3      0x205 APPLICATION/MyAPP.o
 .debug_abbrev  0x000006a8       0x8e HAL/Buzzer/Buzzer.o
 .debug_abbrev  0x00000736      0x1a8 HAL/Gate/Gate.o
 .debug_abbrev  0x000008de      0x1c0 HAL/LCD/LCD.o
 .debug_abbrev  0x00000a9e       0x87 HAL/Motion Sensor/Motion.o
 .debug_abbrev  0x00000b25       0x65 main.o
 .debug_abbrev  0x00000b8a      0x22b MCAL/SPI.o
 .debug_abbrev  0x00000db5      0x183 MCAL/Timer.o
 .debug_abbrev  0x00000f38      0x19c MCAL/UART.o

.debug_line     0x00000000     0x1747
 *(.debug_line .debug_line.* .debug_line_end)
 .debug_line    0x00000000      0x116 C:/Program Files (x86)/Atmel/Studio/7.0/Packs/atmel/ATmega_DFP/1.7.374/gcc/dev/atmega32/avr5/crtatmega32.o
 .debug_line    0x00000116      0x4a1 APPLICATION/MyAPP.o
 .debug_line    0x000005b7      0x115 HAL/Buzzer/Buzzer.o
 .debug_line    0x000006cc      0x227 HAL/Gate/Gate.o
 .debug_line    0x000008f3      0x31c HAL/LCD/LCD.o
 .debug_line    0x00000c0f       0xec HAL/Motion Sensor/Motion.o
 .debug_line    0x00000cfb       0x65 main.o
 .debug_line    0x00000d60      0x305 MCAL/SPI.o
 .debug_line    0x00001065      0x33b MCAL/Timer.o
 .debug_line    0x000013a0      0x3a7 MCAL/UART.o

.debug_frame    0x00000000      0x78c
 *(.debug_frame)
 .debug_frame   0x00000000       0xf0 APPLICATION/MyAPP.o
 .debug_frame   0x000000f0       0x34 HAL/Buzzer/Buzzer.o
 .debug_frame   0x00000124       0x74 HAL/Gate/Gate.o
 .debug_frame   0x00000198       0xe4 HAL/LCD/LCD.o
 .debug_frame   0x0000027c       0x34 HAL/Motion Sensor/Motion.o
 .debug_frame   0x000002b0       0x24 main.o
 .debug_frame   0x000002d4      0x12c MCAL/SPI.o
 .debug_frame   0x00000400      0x184 MCAL/Timer.o
 .debug_frame   0x00000584      0x208 MCAL/UART.o

.debug_str      0x00000000     0x10a4
 *(.debug_str)
 .debug_str     0x00000000      0x196 C:/Program Files (x86)/Atmel/Studio/7.0/Packs/atmel/ATmega_DFP/1.7.374/gcc/dev/atmega32/avr5/crtatmega32.o
 .debug_str     0x00000196      0x7f6 APPLICATION/MyAPP.o
                                0x84b (size before relaxing)
 .debug_str     0x0000098c       0x23 HAL/Buzzer/Buzzer.o
                                0x1f3 (size before relaxing)
 .debug_str     0x000009af      0x267 HAL/Gate/Gate.o
                                0x4c4 (size before relaxing)
 .debug_str     0x00000c16       0x5a HAL/LCD/LCD.o
                                0x299 (size before relaxing)
 .debug_str     0x00000c70       0x29 HAL/Motion Sensor/Motion.o
                                0x217 (size before relaxing)
 .debug_str     0x00000c99       0x11 main.o
                                0x1f1 (size before relaxing)
 .debug_str     0x00000caa       0xea MCAL/SPI.o
                                0x396 (size before relaxing)
 .debug_str     0x00000d94      0x1a5 MCAL/Timer.o
                                0x56b (size before relaxing)
 .debug_str     0x00000f39      0x16b MCAL/UART.o
                                0x663 (size before relaxing)

.debug_loc      0x00000000     0x12ca
 *(.debug_loc)
 .debug_loc     0x00000000      0x373 APPLICATION/MyAPP.o
 .debug_loc     0x00000373       0x5e HAL/Buzzer/Buzzer.o
 .debug_loc     0x000003d1      0x120 HAL/Gate/Gate.o
 .debug_loc     0x000004f1      0x3f3 HAL/LCD/LCD.o
 .debug_loc     0x000008e4       0x23 HAL/Motion Sensor/Motion.o
 .debug_loc     0x00000907      0x339 MCAL/SPI.o
 .debug_loc     0x00000c40      0x34f MCAL/Timer.o
 .debug_loc     0x00000f8f      0x33b MCAL/UART.o

.debug_macinfo
 *(.debug_macinfo)

.debug_weaknames
 *(.debug_weaknames)

.debug_funcnames
 *(.debug_funcnames)

.debug_typenames
 *(.debug_typenames)

.debug_varnames
 *(.debug_varnames)

.debug_pubtypes
 *(.debug_pubtypes)

.debug_ranges   0x00000000      0x288
 *(.debug_ranges)
 .debug_ranges  0x00000000       0x68 APPLICATION/MyAPP.o
 .debug_ranges  0x00000068       0x18 HAL/Buzzer/Buzzer.o
 .debug_ranges  0x00000080       0x30 HAL/Gate/Gate.o
 .debug_ranges  0x000000b0       0x50 HAL/LCD/LCD.o
 .debug_ranges  0x00000100       0x18 HAL/Motion Sensor/Motion.o
 .debug_ranges  0x00000118       0x10 main.o
 .debug_ranges  0x00000128       0x58 MCAL/SPI.o
 .debug_ranges  0x00000180       0x78 MCAL/Timer.o
 .debug_ranges  0x000001f8       0x90 MCAL/UART.o

.debug_macro
 *(.debug_macro)
OUTPUT(U11_Project_Entrance_ECU_(1).elf elf32-avr)
LOAD linker stubs
