Archive member included to satisfy reference by file (symbol)

c:/st/stm32cubeide_1.4.0/stm32cubeide/plugins/com.st.stm32cube.ide.mcu.externaltools.gnu-tools-for-stm32.7-2018-q2-update.win32_1.4.0.202007081208/tools/bin/../lib/gcc/arm-none-eabi/7.3.1/../../../../arm-none-eabi/lib/thumb/v7-m\libc_nano.a(lib_a-errno.o)
                              Src/syscalls.o (__errno)
c:/st/stm32cubeide_1.4.0/stm32cubeide/plugins/com.st.stm32cube.ide.mcu.externaltools.gnu-tools-for-stm32.7-2018-q2-update.win32_1.4.0.202007081208/tools/bin/../lib/gcc/arm-none-eabi/7.3.1/../../../../arm-none-eabi/lib/thumb/v7-m\libc_nano.a(lib_a-exit.o)
                              c:/st/stm32cubeide_1.4.0/stm32cubeide/plugins/com.st.stm32cube.ide.mcu.externaltools.gnu-tools-for-stm32.7-2018-q2-update.win32_1.4.0.202007081208/tools/bin/../lib/gcc/arm-none-eabi/7.3.1/../../../../arm-none-eabi/lib/thumb/v7-m/crt0.o (exit)
c:/st/stm32cubeide_1.4.0/stm32cubeide/plugins/com.st.stm32cube.ide.mcu.externaltools.gnu-tools-for-stm32.7-2018-q2-update.win32_1.4.0.202007081208/tools/bin/../lib/gcc/arm-none-eabi/7.3.1/../../../../arm-none-eabi/lib/thumb/v7-m\libc_nano.a(lib_a-impure.o)
                              c:/st/stm32cubeide_1.4.0/stm32cubeide/plugins/com.st.stm32cube.ide.mcu.externaltools.gnu-tools-for-stm32.7-2018-q2-update.win32_1.4.0.202007081208/tools/bin/../lib/gcc/arm-none-eabi/7.3.1/../../../../arm-none-eabi/lib/thumb/v7-m\libc_nano.a(lib_a-exit.o) (_global_impure_ptr)
c:/st/stm32cubeide_1.4.0/stm32cubeide/plugins/com.st.stm32cube.ide.mcu.externaltools.gnu-tools-for-stm32.7-2018-q2-update.win32_1.4.0.202007081208/tools/bin/../lib/gcc/arm-none-eabi/7.3.1/../../../../arm-none-eabi/lib/thumb/v7-m\libc_nano.a(lib_a-init.o)
                              c:/st/stm32cubeide_1.4.0/stm32cubeide/plugins/com.st.stm32cube.ide.mcu.externaltools.gnu-tools-for-stm32.7-2018-q2-update.win32_1.4.0.202007081208/tools/bin/../lib/gcc/arm-none-eabi/7.3.1/../../../../arm-none-eabi/lib/thumb/v7-m/crt0.o (__libc_init_array)
c:/st/stm32cubeide_1.4.0/stm32cubeide/plugins/com.st.stm32cube.ide.mcu.externaltools.gnu-tools-for-stm32.7-2018-q2-update.win32_1.4.0.202007081208/tools/bin/../lib/gcc/arm-none-eabi/7.3.1/../../../../arm-none-eabi/lib/thumb/v7-m\libc_nano.a(lib_a-memset.o)
                              c:/st/stm32cubeide_1.4.0/stm32cubeide/plugins/com.st.stm32cube.ide.mcu.externaltools.gnu-tools-for-stm32.7-2018-q2-update.win32_1.4.0.202007081208/tools/bin/../lib/gcc/arm-none-eabi/7.3.1/../../../../arm-none-eabi/lib/thumb/v7-m/crt0.o (memset)
c:/st/stm32cubeide_1.4.0/stm32cubeide/plugins/com.st.stm32cube.ide.mcu.externaltools.gnu-tools-for-stm32.7-2018-q2-update.win32_1.4.0.202007081208/tools/bin/../lib/gcc/arm-none-eabi/7.3.1/thumb/v7-m\libgcc.a(_arm_addsubsf3.o)
                              APPLICATION/HAL/LCD.o (__aeabi_fsub)
c:/st/stm32cubeide_1.4.0/stm32cubeide/plugins/com.st.stm32cube.ide.mcu.externaltools.gnu-tools-for-stm32.7-2018-q2-update.win32_1.4.0.202007081208/tools/bin/../lib/gcc/arm-none-eabi/7.3.1/thumb/v7-m\libgcc.a(_arm_muldivsf3.o)
                              APPLICATION/HAL/LCD.o (__aeabi_fdiv)
c:/st/stm32cubeide_1.4.0/stm32cubeide/plugins/com.st.stm32cube.ide.mcu.externaltools.gnu-tools-for-stm32.7-2018-q2-update.win32_1.4.0.202007081208/tools/bin/../lib/gcc/arm-none-eabi/7.3.1/thumb/v7-m\libgcc.a(_arm_fixunssfsi.o)
                              APPLICATION/HAL/LCD.o (__aeabi_f2uiz)

Allocating common symbols
Common symbol       size              file

uartCfg             0x14              APPLICATION/MyAPP.o
P_IRQ_CallBack      0x4               APPLICATION/MCAL/STM32F103C6_USART_Driver.o
sGlobAdminArr       0x2c              APPLICATION/MyAPP.o
Glob_ArrIndex       0x1               APPLICATION/MyAPP.o
Glob_SPI2_Config    0x1c              APPLICATION/MCAL/STM32F103C6_SPI_Driver.o
GP_IRQ_CALLBACK     0x3c              APPLICATION/MCAL/STM32F103C6_EXTI_Driver.o
Glob_SPI1_Config    0x1c              APPLICATION/MCAL/STM32F103C6_SPI_Driver.o
sGlobDriverArr      0x73              APPLICATION/MyAPP.o
Pclk                0x4               APPLICATION/MCAL/STM32F103C6_USART_Driver.o

Discarded input sections

 .text          0x0000000000000000        0x0 c:/st/stm32cubeide_1.4.0/stm32cubeide/plugins/com.st.stm32cube.ide.mcu.externaltools.gnu-tools-for-stm32.7-2018-q2-update.win32_1.4.0.202007081208/tools/bin/../lib/gcc/arm-none-eabi/7.3.1/thumb/v7-m/crti.o
 .data          0x0000000000000000        0x0 c:/st/stm32cubeide_1.4.0/stm32cubeide/plugins/com.st.stm32cube.ide.mcu.externaltools.gnu-tools-for-stm32.7-2018-q2-update.win32_1.4.0.202007081208/tools/bin/../lib/gcc/arm-none-eabi/7.3.1/thumb/v7-m/crti.o
 .bss           0x0000000000000000        0x0 c:/st/stm32cubeide_1.4.0/stm32cubeide/plugins/com.st.stm32cube.ide.mcu.externaltools.gnu-tools-for-stm32.7-2018-q2-update.win32_1.4.0.202007081208/tools/bin/../lib/gcc/arm-none-eabi/7.3.1/thumb/v7-m/crti.o
[...]
Memory Configuration

Name             Origin             Length             Attributes
RAM              0x0000000020000000 0x0000000000002800 xrw
ROM              0x0000000008000000 0x0000000000008000 xr
*default*        0x0000000000000000 0xffffffffffffffff

Linker script and memory map

LOAD c:/st/stm32cubeide_1.4.0/stm32cubeide/plugins/com.st.stm32cube.ide.mcu.externaltools.gnu-tools-for-stm32.7-2018-q2-update.win32_1.4.0.202007081208/tools/bin/../lib/gcc/arm-none-eabi/7.3.1/thumb/v7-m/crti.o
LOAD c:/st/stm32cubeide_1.4.0/stm32cubeide/plugins/com.st.stm32cube.ide.mcu.externaltools.gnu-tools-for-stm32.7-2018-q2-update.win32_1.4.0.202007081208/tools/bin/../lib/gcc/arm-none-eabi/7.3.1/thumb/v7-m/crtbegin.o
LOAD c:/st/stm32cubeide_1.4.0/stm32cubeide/plugins/com.st.stm32cube.ide.mcu.externaltools.gnu-tools-for-stm32.7-2018-q2-update.win32_1.4.0.202007081208/tools/bin/../lib/gcc/arm-none-eabi/7.3.1/../../../../arm-none-eabi/lib/thumb/v7-m/crt0.o
LOAD APPLICATION/HAL/Keypad.o
LOAD APPLICATION/HAL/LCD.o
LOAD APPLICATION/MCAL/STM32F103C6_EXTI_Driver.o
LOAD APPLICATION/MCAL/STM32F103C6_GPIO_Driver.o
LOAD APPLICATION/MCAL/STM32F103C6_RCC_Driver.o
LOAD APPLICATION/MCAL/STM32F103C6_SPI_Driver.o
LOAD APPLICATION/MCAL/STM32F103C6_USART_Driver.o
LOAD APPLICATION/MyAPP.o
LOAD Src/main.o
LOAD Src/syscalls.o
LOAD Src/sysmem.o
LOAD Startup/startup_stm32f103c6tx.o
START GROUP
LOAD c:/st/stm32cubeide_1.4.0/stm32cubeide/plugins/com.st.stm32cube.ide.mcu.externaltools.gnu-tools-for-stm32.7-2018-q2-update.win32_1.4.0.202007081208/tools/bin/../lib/gcc/arm-none-eabi/7.3.1/../../../../arm-none-eabi/lib/thumb/v7-m\libc_nano.a
LOAD c:/st/stm32cubeide_1.4.0/stm32cubeide/plugins/com.st.stm32cube.ide.mcu.externaltools.gnu-tools-for-stm32.7-2018-q2-update.win32_1.4.0.202007081208/tools/bin/../lib/gcc/arm-none-eabi/7.3.1/../../../../arm-none-eabi/lib/thumb/v7-m\libm.a
END GROUP
START GROUP
LOAD c:/st/stm32cubeide_1.4.0/stm32cubeide/plugins/com.st.stm32cube.ide.mcu.externaltools.gnu-tools-for-stm32.7-2018-q2-update.win32_1.4.0.202007081208/tools/bin/../lib/gcc/arm-none-eabi/7.3.1/thumb/v7-m\libgcc.a
LOAD c:/st/stm32cubeide_1.4.0/stm32cubeide/plugins/com.st.stm32cube.ide.mcu.externaltools.gnu-tools-for-stm32.7-2018-q2-update.win32_1.4.0.202007081208/tools/bin/../lib/gcc/arm-none-eabi/7.3.1/../../../../arm-none-eabi/lib/thumb/v7-m\libg_nano.a
LOAD c:/st/stm32cubeide_1.4.0/stm32cubeide/plugins/com.st.stm32cube.ide.mcu.externaltools.gnu-tools-for-stm32.7-2018-q2-update.win32_1.4.0.202007081208/tools/bin/../lib/gcc/arm-none-eabi/7.3.1/../../../../arm-none-eabi/lib/thumb/v7-m\libc_nano.a
END GROUP
START GROUP
LOAD c:/st/stm32cubeide_1.4.0/stm32cubeide/plugins/com.st.stm32cube.ide.mcu.externaltools.gnu-tools-for-stm32.7-2018-q2-update.win32_1.4.0.202007081208/tools/bin/../lib/gcc/arm-none-eabi/7.3.1/thumb/v7-m\libgcc.a
LOAD c:/st/stm32cubeide_1.4.0/stm32cubeide/plugins/com.st.stm32cube.ide.mcu.externaltools.gnu-tools-for-stm32.7-2018-q2-update.win32_1.4.0.202007081208/tools/bin/../lib/gcc/arm-none-eabi/7.3.1/../../../../arm-none-eabi/lib/thumb/v7-m\libc_nano.a
LOAD c:/st/stm32cubeide_1.4.0/stm32cubeide/plugins/com.st.stm32cube.ide.mcu.externaltools.gnu-tools-for-stm32.7-2018-q2-update.win32_1.4.0.202007081208/tools/bin/../lib/gcc/arm-none-eabi/7.3.1/../../../../arm-none-eabi/lib/thumb/v7-m\libnosys.a
END GROUP
START GROUP
LOAD c:/st/stm32cubeide_1.4.0/stm32cubeide/plugins/com.st.stm32cube.ide.mcu.externaltools.gnu-tools-for-stm32.7-2018-q2-update.win32_1.4.0.202007081208/tools/bin/../lib/gcc/arm-none-eabi/7.3.1/thumb/v7-m\libgcc.a
LOAD c:/st/stm32cubeide_1.4.0/stm32cubeide/plugins/com.st.stm32cube.ide.mcu.externaltools.gnu-tools-for-stm32.7-2018-q2-update.win32_1.4.0.202007081208/tools/bin/../lib/gcc/arm-none-eabi/7.3.1/../../../../arm-none-eabi/lib/thumb/v7-m\libc_nano.a
LOAD c:/st/stm32cubeide_1.4.0/stm32cubeide/plugins/com.st.stm32cube.ide.mcu.externaltools.gnu-tools-for-stm32.7-2018-q2-update.win32_1.4.0.202007081208/tools/bin/../lib/gcc/arm-none-eabi/7.3.1/../../../../arm-none-eabi/lib/thumb/v7-m\libnosys.a
END GROUP
LOAD c:/st/stm32cubeide_1.4.0/stm32cubeide/plugins/com.st.stm32cube.ide.mcu.externaltools.gnu-tools-for-stm32.7-2018-q2-update.win32_1.4.0.202007081208/tools/bin/../lib/gcc/arm-none-eabi/7.3.1/thumb/v7-m/crtend.o
LOAD c:/st/stm32cubeide_1.4.0/stm32cubeide/plugins/com.st.stm32cube.ide.mcu.externaltools.gnu-tools-for-stm32.7-2018-q2-update.win32_1.4.0.202007081208/tools/bin/../lib/gcc/arm-none-eabi/7.3.1/thumb/v7-m/crtn.o
                0x0000000020002800                _estack = (ORIGIN (RAM) + LENGTH (RAM))
                0x0000000000000200                _Min_Heap_Size = 0x200
                0x0000000000000400                _Min_Stack_Size = 0x400

.isr_vector     0x0000000008000000      0x130
                0x0000000008000000                . = ALIGN (0x4)
 *(.isr_vector)
 .isr_vector    0x0000000008000000      0x130 Startup/startup_stm32f103c6tx.o
                0x0000000008000000                g_pfnVectors
                0x0000000008000130                . = ALIGN (0x4)

.text           0x0000000008000130     0x2d7c
                0x0000000008000130                . = ALIGN (0x4)
 *(.text)
 .text          0x0000000008000130       0x40 c:/st/stm32cubeide_1.4.0/stm32cubeide/plugins/com.st.stm32cube.ide.mcu.externaltools.gnu-tools-for-stm32.7-2018-q2-update.win32_1.4.0.202007081208/tools/bin/../lib/gcc/arm-none-eabi/7.3.1/thumb/v7-m/crtbegin.o
 *(.text*)
 .text.HAL_keypad_init
                0x0000000008000170       0x88 APPLICATION/HAL/Keypad.o
                0x0000000008000170                HAL_keypad_init
 .text.LCD_itoa
                0x00000000080001f8       0xfc APPLICATION/HAL/LCD.o
                0x00000000080001f8                LCD_itoa
 .text.HAL_LCD_Set_Courser
                0x00000000080002f4       0x60 APPLICATION/HAL/LCD.o
                0x00000000080002f4                HAL_LCD_Set_Courser
 .text.check_line
                0x0000000008000354       0x5c APPLICATION/HAL/LCD.o
                0x0000000008000354                check_line
 .text.LCD_clear_screen
                0x00000000080003b0       0x2c APPLICATION/HAL/LCD.o
                0x00000000080003b0                LCD_clear_screen
 .text.ENABLE_cycle
                0x00000000080003dc       0x30 APPLICATION/HAL/LCD.o
                0x00000000080003dc                ENABLE_cycle
 .text.delay_ms
                0x000000000800040c       0x38 APPLICATION/HAL/LCD.o
                0x000000000800040c                delay_ms
 .text.HAL_LCD_Init
                0x0000000008000444       0xb4 APPLICATION/HAL/LCD.o
                0x0000000008000444                HAL_LCD_Init
 .text.HAL_LCD_Send_Command
                0x00000000080004f8       0xc0 APPLICATION/HAL/LCD.o
                0x00000000080004f8                HAL_LCD_Send_Command
 .text.HAL_LCD_Send_Data
                0x00000000080005b8       0xd8 APPLICATION/HAL/LCD.o
                0x00000000080005b8                HAL_LCD_Send_Data
 .text.HAL_LCD_Send_Number
                0x0000000008000690       0x26 APPLICATION/HAL/LCD.o
                0x0000000008000690                HAL_LCD_Send_Number
 .text.HAL_LCD_Send_String
                0x00000000080006b6       0x2a APPLICATION/HAL/LCD.o
                0x00000000080006b6                HAL_LCD_Send_String
 .text.Enable_NVIC
                0x00000000080006e0       0xcc APPLICATION/MCAL/STM32F103C6_EXTI_Driver.o
                0x00000000080006e0                Enable_NVIC
 .text.Disable_NVIC
                0x00000000080007ac       0xcc APPLICATION/MCAL/STM32F103C6_EXTI_Driver.o
                0x00000000080007ac                Disable_NVIC
 .text.UPDATE_EXTI
                0x0000000008000878      0x1dc APPLICATION/MCAL/STM32F103C6_EXTI_Driver.o
                0x0000000008000878                UPDATE_EXTI
 .text.MCAL_EXTI_GPIO_Init
                0x0000000008000a54       0x16 APPLICATION/MCAL/STM32F103C6_EXTI_Driver.o
                0x0000000008000a54                MCAL_EXTI_GPIO_Init
 *fill*         0x0000000008000a6a        0x2 
 .text.EXTI0_IRQHandler
                0x0000000008000a6c       0x24 APPLICATION/MCAL/STM32F103C6_EXTI_Driver.o
                0x0000000008000a6c                EXTI0_IRQHandler
 .text.EXTI1_IRQHandler
                0x0000000008000a90       0x24 APPLICATION/MCAL/STM32F103C6_EXTI_Driver.o
                0x0000000008000a90                EXTI1_IRQHandler
 .text.EXTI2_IRQHandler
                0x0000000008000ab4       0x24 APPLICATION/MCAL/STM32F103C6_EXTI_Driver.o
                0x0000000008000ab4                EXTI2_IRQHandler
 .text.EXTI3_IRQHandler
                0x0000000008000ad8       0x24 APPLICATION/MCAL/STM32F103C6_EXTI_Driver.o
                0x0000000008000ad8                EXTI3_IRQHandler
 .text.EXTI4_IRQHandler
                0x0000000008000afc       0x24 APPLICATION/MCAL/STM32F103C6_EXTI_Driver.o
                0x0000000008000afc                EXTI4_IRQHandler
 .text.EXTI9_5_IRQHandler
                0x0000000008000b20       0xa8 APPLICATION/MCAL/STM32F103C6_EXTI_Driver.o
                0x0000000008000b20                EXTI9_5_IRQHandler
 .text.EXTI15_10_IRQHandler
                0x0000000008000bc8       0xc4 APPLICATION/MCAL/STM32F103C6_EXTI_Driver.o
                0x0000000008000bc8                EXTI15_10_IRQHandler
 .text.Get_CRLH_Position
                0x0000000008000c8c       0xc6 APPLICATION/MCAL/STM32F103C6_GPIO_Driver.o
                0x0000000008000c8c                Get_CRLH_Position
 .text.MCAL_GPIO_Init
                0x0000000008000d52       0xd0 APPLICATION/MCAL/STM32F103C6_GPIO_Driver.o
                0x0000000008000d52                MCAL_GPIO_Init
 .text.MCAL_GPIO_WritePin
                0x0000000008000e22       0x2c APPLICATION/MCAL/STM32F103C6_GPIO_Driver.o
                0x0000000008000e22                MCAL_GPIO_WritePin
 *fill*         0x0000000008000e4e        0x2 
 .text.MCAL_RCC_GetSYS_CLKFreq
                0x0000000008000e50       0x44 APPLICATION/MCAL/STM32F103C6_RCC_Driver.o
                0x0000000008000e50                MCAL_RCC_GetSYS_CLKFreq
 .text.MCAL_RCC_GetHCLKFreq
                0x0000000008000e94       0x2c APPLICATION/MCAL/STM32F103C6_RCC_Driver.o
                0x0000000008000e94                MCAL_RCC_GetHCLKFreq
 .text.MCAL_RCC_GetPCLK1Freq
                0x0000000008000ec0       0x2c APPLICATION/MCAL/STM32F103C6_RCC_Driver.o
                0x0000000008000ec0                MCAL_RCC_GetPCLK1Freq
 .text.MCAL_RCC_GetPCLK2Freq
                0x0000000008000eec       0x2c APPLICATION/MCAL/STM32F103C6_RCC_Driver.o
                0x0000000008000eec                MCAL_RCC_GetPCLK2Freq
 .text.MCAL_SPI_GPIO_SetPins
                0x0000000008000f18      0x26c APPLICATION/MCAL/STM32F103C6_SPI_Driver.o
                0x0000000008000f18                MCAL_SPI_GPIO_SetPins
 .text.MCAL_SPI_Init
                0x0000000008001184      0x1ac APPLICATION/MCAL/STM32F103C6_SPI_Driver.o
                0x0000000008001184                MCAL_SPI_Init
 .text.MCAL_SPI_TxRx
                0x0000000008001330       0x54 APPLICATION/MCAL/STM32F103C6_SPI_Driver.o
                0x0000000008001330                MCAL_SPI_TxRx
 .text.SPI1_IRQHandler
                0x0000000008001384       0x5c APPLICATION/MCAL/STM32F103C6_SPI_Driver.o
                0x0000000008001384                SPI1_IRQHandler
 .text.SPI2_IRQHandler
                0x00000000080013e0       0x5c APPLICATION/MCAL/STM32F103C6_SPI_Driver.o
                0x00000000080013e0                SPI2_IRQHandler
 .text.MCAL_UART_Init
                0x000000000800143c      0x1bc APPLICATION/MCAL/STM32F103C6_USART_Driver.o
                0x000000000800143c                MCAL_UART_Init
 .text.MCAL_UART_GPIO_SetPins
                0x00000000080015f8       0xcc APPLICATION/MCAL/STM32F103C6_USART_Driver.o
                0x00000000080015f8                MCAL_UART_GPIO_SetPins
 .text.MCAL_UART_SendData
                0x00000000080016c4       0x80 APPLICATION/MCAL/STM32F103C6_USART_Driver.o
                0x00000000080016c4                MCAL_UART_SendData
 .text.MCAL_UART_SendString
                0x0000000008001744       0x42 APPLICATION/MCAL/STM32F103C6_USART_Driver.o
                0x0000000008001744                MCAL_UART_SendString
 *fill*         0x0000000008001786        0x2 
 .text.MCAL_UART_ReceiveData
                0x0000000008001788       0xa0 APPLICATION/MCAL/STM32F103C6_USART_Driver.o
                0x0000000008001788                MCAL_UART_ReceiveData
 .text.USART1_IRQHandler
                0x0000000008001828       0x14 APPLICATION/MCAL/STM32F103C6_USART_Driver.o
                0x0000000008001828                USART1_IRQHandler
 .text.USART2_IRQHandler
                0x000000000800183c       0x14 APPLICATION/MCAL/STM32F103C6_USART_Driver.o
                0x000000000800183c                USART2_IRQHandler
 .text.USART3_IRQHandler
                0x0000000008001850       0x14 APPLICATION/MCAL/STM32F103C6_USART_Driver.o
                0x0000000008001850                USART3_IRQHandler
 .text.APP_CLK_init
                0x0000000008001864       0x34 APPLICATION/MyAPP.o
                0x0000000008001864                APP_CLK_init
 .text.APP_UART_init
                0x0000000008001898       0x78 APPLICATION/MyAPP.o
 .text.APP_SPI_init
                0x0000000008001910       0xcc APPLICATION/MyAPP.o
 .text.APP_EXTI_init
                0x00000000080019dc       0x70 APPLICATION/MyAPP.o
 .text.LCD_Start
                0x0000000008001a4c       0x2c APPLICATION/MyAPP.o
                0x0000000008001a4c                LCD_Start
 .text.LCD_Access_Accepted
                0x0000000008001a78       0x88 APPLICATION/MyAPP.o
                0x0000000008001a78                LCD_Access_Accepted
 .text.LCD_Access_Denied
                0x0000000008001b00       0x24 APPLICATION/MyAPP.o
                0x0000000008001b00                LCD_Access_Denied
 .text.LCD_Option_Menu
                0x0000000008001b24       0x5c APPLICATION/MyAPP.o
                0x0000000008001b24                LCD_Option_Menu
 .text.LCD_Delete_Menu
                0x0000000008001b80       0x6c APPLICATION/MyAPP.o
                0x0000000008001b80                LCD_Delete_Menu
 .text.LCD_Delete_Process
                0x0000000008001bec       0x9c APPLICATION/MyAPP.o
                0x0000000008001bec                LCD_Delete_Process
 .text.LCD_Edit_Process
                0x0000000008001c88       0x9c APPLICATION/MyAPP.o
                0x0000000008001c88                LCD_Edit_Process
 .text.Fill_Admins_Data
                0x0000000008001d24      0x14c APPLICATION/MyAPP.o
 .text.Fill_Drivers_Data
                0x0000000008001e70      0x210 APPLICATION/MyAPP.o
 .text.AdminAccessRequest
                0x0000000008002080      0x1b0 APPLICATION/MyAPP.o
 .text.SystemAdd
                0x0000000008002230      0x214 APPLICATION/MyAPP.o
                0x0000000008002230                SystemAdd
 .text.SystemDelete
                0x0000000008002444       0x74 APPLICATION/MyAPP.o
                0x0000000008002444                SystemDelete
 .text.SystemEdit
                0x00000000080024b8      0x370 APPLICATION/MyAPP.o
                0x00000000080024b8                SystemEdit
 .text.DeleteProcess
                0x0000000008002828      0x2fc APPLICATION/MyAPP.o
                0x0000000008002828                DeleteProcess
 .text.CompareStrings
                0x0000000008002b24       0x58 APPLICATION/MyAPP.o
                0x0000000008002b24                CompareStrings
 .text.ECU2_ADMIN_Dashboard
                0x0000000008002b7c       0x88 APPLICATION/MyAPP.o
                0x0000000008002b7c                ECU2_ADMIN_Dashboard
 .text.ECU2_Dashboard_APP_SETUP
                0x0000000008002c04       0x3c APPLICATION/MyAPP.o
                0x0000000008002c04                ECU2_Dashboard_APP_SETUP
 .text.ECU2_Dashboard_APP_RUN
                0x0000000008002c40        0xa APPLICATION/MyAPP.o
                0x0000000008002c40                ECU2_Dashboard_APP_RUN
 *fill*         0x0000000008002c4a        0x2 
 .text.ECU2_UART_IRQ_CallBack
                0x0000000008002c4c       0xb8 APPLICATION/MyAPP.o
 .text.ECU2_Entrance_EXT_IRQ_Callback
                0x0000000008002d04       0xd4 APPLICATION/MyAPP.o
 .text.ECU2_Exit_EXT_IRQ_Callback
                0x0000000008002dd8        0xc APPLICATION/MyAPP.o
 .text.main     0x0000000008002de4       0x12 Src/main.o
                0x0000000008002de4                main
 *fill*         0x0000000008002df6        0x2 
 .text.Reset_Handler
                0x0000000008002df8       0x50 Startup/startup_stm32f103c6tx.o
                0x0000000008002df8                Reset_Handler
 .text.Default_Handler
                0x0000000008002e48        0x2 Startup/startup_stm32f103c6tx.o
                0x0000000008002e48                TIM8_TRG_COM_IRQHandler
                0x0000000008002e48                TIM8_CC_IRQHandler
                0x0000000008002e48                DebugMon_Handler
                0x0000000008002e48                TIM1_CC_IRQHandler
                0x0000000008002e48                HardFault_Handler
                0x0000000008002e48                TIM6_IRQHandler
                0x0000000008002e48                SysTick_Handler
                0x0000000008002e48                PVD_IRQHandler
                0x0000000008002e48                SDIO_IRQHandler
                0x0000000008002e48                PendSV_Handler
                0x0000000008002e48                NMI_Handler
                0x0000000008002e48                USB_HP_CAN_TX_IRQHandler
                0x0000000008002e48                I2C2_EV_IRQHandler
                0x0000000008002e48                UsageFault_Handler
                0x0000000008002e48                ADC1_2_IRQHandler
                0x0000000008002e48                CAN_SCE_IRQHandler
                0x0000000008002e48                TAMPER_IRQHandler
                0x0000000008002e48                TIM8_UP_IRQHandler
                0x0000000008002e48                DMA2_Channel2_IRQHandler
                0x0000000008002e48                DMA1_Channel4_IRQHandler
                0x0000000008002e48                RTC_IRQHandler
                0x0000000008002e48                DMA1_Channel7_IRQHandler
                0x0000000008002e48                UART5_IRQHandler
                0x0000000008002e48                ADC3_IRQHandler
                0x0000000008002e48                TIM4_IRQHandler
                0x0000000008002e48                CAN_RX1_IRQHandler
                0x0000000008002e48                DMA2_Channel1_IRQHandler
                0x0000000008002e48                I2C1_EV_IRQHandler
                0x0000000008002e48                DMA1_Channel6_IRQHandler
                0x0000000008002e48                UART4_IRQHandler
                0x0000000008002e48                TIM3_IRQHandler
                0x0000000008002e48                RCC_IRQHandler
                0x0000000008002e48                TIM1_TRG_COM_IRQHandler
                0x0000000008002e48                DMA1_Channel1_IRQHandler
                0x0000000008002e48                Default_Handler
                0x0000000008002e48                TIM7_IRQHandler
                0x0000000008002e48                TIM5_IRQHandler
                0x0000000008002e48                USB_LP_CAN_RX0_IRQHandler
                0x0000000008002e48                MemManage_Handler
                0x0000000008002e48                SVC_Handler
                0x0000000008002e48                DMA1_Channel5_IRQHandler
                0x0000000008002e48                DMA1_Channel3_IRQHandler
                0x0000000008002e48                FSMC_IRQHandler
                0x0000000008002e48                TIM1_UP_IRQHandler
                0x0000000008002e48                WWDG_IRQHandler
                0x0000000008002e48                TIM2_IRQHandler
                0x0000000008002e48                TIM1_BRK_IRQHandler
                0x0000000008002e48                RTCAlarm_IRQHandler
                0x0000000008002e48                DMA2_Channel4_5_IRQHandler
                0x0000000008002e48                I2C2_ER_IRQHandler
                0x0000000008002e48                DMA1_Channel2_IRQHandler
                0x0000000008002e48                TIM8_BRK_IRQHandler
                0x0000000008002e48                FLASH_IRQHandler
                0x0000000008002e48                BusFault_Handler
                0x0000000008002e48                SPI3_IRQHandler
                0x0000000008002e48                I2C1_ER_IRQHandler
                0x0000000008002e48                DMA2_Channel3_IRQHandler
 *fill*         0x0000000008002e4a        0x2 
 .text.__libc_init_array
                0x0000000008002e4c       0x48 c:/st/stm32cubeide_1.4.0/stm32cubeide/plugins/com.st.stm32cube.ide.mcu.externaltools.gnu-tools-for-stm32.7-2018-q2-update.win32_1.4.0.202007081208/tools/bin/../lib/gcc/arm-none-eabi/7.3.1/../../../../arm-none-eabi/lib/thumb/v7-m\libc_nano.a(lib_a-init.o)
                0x0000000008002e4c                __libc_init_array
 *(.glue_7)
 .glue_7        0x0000000008002e94        0x0 linker stubs
 *(.glue_7t)
 .glue_7t       0x0000000008002e94        0x0 linker stubs
 *(.eh_frame)
 .eh_frame      0x0000000008002e94        0x0 c:/st/stm32cubeide_1.4.0/stm32cubeide/plugins/com.st.stm32cube.ide.mcu.externaltools.gnu-tools-for-stm32.7-2018-q2-update.win32_1.4.0.202007081208/tools/bin/../lib/gcc/arm-none-eabi/7.3.1/thumb/v7-m/crtbegin.o
 *(.init)
 .init          0x0000000008002e94        0x4 c:/st/stm32cubeide_1.4.0/stm32cubeide/plugins/com.st.stm32cube.ide.mcu.externaltools.gnu-tools-for-stm32.7-2018-q2-update.win32_1.4.0.202007081208/tools/bin/../lib/gcc/arm-none-eabi/7.3.1/thumb/v7-m/crti.o
                0x0000000008002e94                _init
 .init          0x0000000008002e98        0x8 c:/st/stm32cubeide_1.4.0/stm32cubeide/plugins/com.st.stm32cube.ide.mcu.externaltools.gnu-tools-for-stm32.7-2018-q2-update.win32_1.4.0.202007081208/tools/bin/../lib/gcc/arm-none-eabi/7.3.1/thumb/v7-m/crtn.o
 *(.fini)
 .fini          0x0000000008002ea0        0x4 c:/st/stm32cubeide_1.4.0/stm32cubeide/plugins/com.st.stm32cube.ide.mcu.externaltools.gnu-tools-for-stm32.7-2018-q2-update.win32_1.4.0.202007081208/tools/bin/../lib/gcc/arm-none-eabi/7.3.1/thumb/v7-m/crti.o
                0x0000000008002ea0                _fini
 .fini          0x0000000008002ea4        0x8 c:/st/stm32cubeide_1.4.0/stm32cubeide/plugins/com.st.stm32cube.ide.mcu.externaltools.gnu-tools-for-stm32.7-2018-q2-update.win32_1.4.0.202007081208/tools/bin/../lib/gcc/arm-none-eabi/7.3.1/thumb/v7-m/crtn.o
                0x0000000008002eac                . = ALIGN (0x4)
                0x0000000008002eac                _etext = .

.vfp11_veneer   0x0000000008002eac        0x0
 .vfp11_veneer  0x0000000008002eac        0x0 linker stubs

.v4_bx          0x0000000008002eac        0x0
 .v4_bx         0x0000000008002eac        0x0 linker stubs

.iplt           0x0000000008002eac        0x0
 .iplt          0x0000000008002eac        0x0 c:/st/stm32cubeide_1.4.0/stm32cubeide/plugins/com.st.stm32cube.ide.mcu.externaltools.gnu-tools-for-stm32.7-2018-q2-update.win32_1.4.0.202007081208/tools/bin/../lib/gcc/arm-none-eabi/7.3.1/thumb/v7-m/crtbegin.o

.rodata         0x0000000008002eac      0x73c
                0x0000000008002eac                . = ALIGN (0x4)
 *(.rodata)
 .rodata        0x0000000008002eac       0x10 APPLICATION/HAL/LCD.o
 .rodata        0x0000000008002ebc      0x729 APPLICATION/MyAPP.o
 *(.rodata*)
                0x00000000080035e8                . = ALIGN (0x4)
 *fill*         0x00000000080035e5        0x3 

.rel.dyn        0x00000000080035e8        0x0
 .rel.iplt      0x00000000080035e8        0x0 c:/st/stm32cubeide_1.4.0/stm32cubeide/plugins/com.st.stm32cube.ide.mcu.externaltools.gnu-tools-for-stm32.7-2018-q2-update.win32_1.4.0.202007081208/tools/bin/../lib/gcc/arm-none-eabi/7.3.1/thumb/v7-m/crtbegin.o

.ARM.extab      0x00000000080035e8        0x0
                0x00000000080035e8                . = ALIGN (0x4)
 *(.ARM.extab* .gnu.linkonce.armextab.*)
                0x00000000080035e8                . = ALIGN (0x4)

.ARM            0x00000000080035e8        0x0
                0x00000000080035e8                . = ALIGN (0x4)
                0x00000000080035e8                __exidx_start = .
 *(.ARM.exidx*)
                0x00000000080035e8                __exidx_end = .
                0x00000000080035e8                . = ALIGN (0x4)

.preinit_array  0x00000000080035e8        0x0
                0x00000000080035e8                . = ALIGN (0x4)
                0x00000000080035e8                PROVIDE (__preinit_array_start = .)
 *(.preinit_array*)
                0x00000000080035e8                PROVIDE (__preinit_array_end = .)
                0x00000000080035e8                . = ALIGN (0x4)

.init_array     0x00000000080035e8        0x4
                0x00000000080035e8                . = ALIGN (0x4)
                0x00000000080035e8                PROVIDE (__init_array_start = .)
 *(SORT_BY_NAME(.init_array.*))
 *(.init_array*)
 .init_array    0x00000000080035e8        0x4 c:/st/stm32cubeide_1.4.0/stm32cubeide/plugins/com.st.stm32cube.ide.mcu.externaltools.gnu-tools-for-stm32.7-2018-q2-update.win32_1.4.0.202007081208/tools/bin/../lib/gcc/arm-none-eabi/7.3.1/thumb/v7-m/crtbegin.o
                0x00000000080035ec                PROVIDE (__init_array_end = .)
                0x00000000080035ec                . = ALIGN (0x4)

.fini_array     0x00000000080035ec        0x4
                0x00000000080035ec                . = ALIGN (0x4)
                [!provide]                        PROVIDE (__fini_array_start = .)
 *(SORT_BY_NAME(.fini_array.*))
 *(.fini_array*)
 .fini_array    0x00000000080035ec        0x4 c:/st/stm32cubeide_1.4.0/stm32cubeide/plugins/com.st.stm32cube.ide.mcu.externaltools.gnu-tools-for-stm32.7-2018-q2-update.win32_1.4.0.202007081208/tools/bin/../lib/gcc/arm-none-eabi/7.3.1/thumb/v7-m/crtbegin.o
                [!provide]                        PROVIDE (__fini_array_end = .)
                0x00000000080035f0                . = ALIGN (0x4)
                0x00000000080035f0                _sidata = LOADADDR (.data)

.data           0x0000000020000000       0x84 load address 0x00000000080035f0
                0x0000000020000000                . = ALIGN (0x4)
                0x0000000020000000                _sdata = .
 *(.data)
 *(.data*)
 .data.Keypad_Columns
                0x0000000020000000        0x3 APPLICATION/HAL/Keypad.o
 *fill*         0x0000000020000003        0x1 
 .data.Keypad_Rows
                0x0000000020000004        0x4 APPLICATION/HAL/Keypad.o
 .data.APBPrescTable
                0x0000000020000008       0x20 APPLICATION/MCAL/STM32F103C6_RCC_Driver.o
                0x0000000020000008                APBPrescTable
 .data.admin1   0x0000000020000028        0x7 APPLICATION/MyAPP.o
                0x0000000020000028                admin1
 *fill*         0x000000002000002f        0x1 
 .data.pasword1
                0x0000000020000030        0x5 APPLICATION/MyAPP.o
                0x0000000020000030                pasword1
 *fill*         0x0000000020000035        0x3 
 .data.admin2   0x0000000020000038        0x9 APPLICATION/MyAPP.o
                0x0000000020000038                admin2
 *fill*         0x0000000020000041        0x3 
 .data.pasword2
                0x0000000020000044        0x5 APPLICATION/MyAPP.o
                0x0000000020000044                pasword2
 *fill*         0x0000000020000049        0x3 
 .data.driver1  0x000000002000004c        0x6 APPLICATION/MyAPP.o
                0x000000002000004c                driver1
 *fill*         0x0000000020000052        0x2 
 .data.ID1      0x0000000020000054        0x9 APPLICATION/MyAPP.o
                0x0000000020000054                ID1
 *fill*         0x000000002000005d        0x3 
 .data.driver2  0x0000000020000060        0x5 APPLICATION/MyAPP.o
                0x0000000020000060                driver2
 *fill*         0x0000000020000065        0x3 
 .data.ID2      0x0000000020000068        0x9 APPLICATION/MyAPP.o
                0x0000000020000068                ID2
 *fill*         0x0000000020000071        0x3 
 .data.driver3  0x0000000020000074        0x4 APPLICATION/MyAPP.o
                0x0000000020000074                driver3
 .data.ID3      0x0000000020000078        0x9 APPLICATION/MyAPP.o
                0x0000000020000078                ID3
 .data.Glob_Available_Slots
                0x0000000020000081        0x1 APPLICATION/MyAPP.o
                0x0000000020000081                Glob_Available_Slots
                0x0000000020000084                . = ALIGN (0x4)
 *fill*         0x0000000020000082        0x2 
                0x0000000020000084                _edata = .

.igot.plt       0x0000000020000084        0x0 load address 0x0000000008003674
 .igot.plt      0x0000000020000084        0x0 c:/st/stm32cubeide_1.4.0/stm32cubeide/plugins/com.st.stm32cube.ide.mcu.externaltools.gnu-tools-for-stm32.7-2018-q2-update.win32_1.4.0.202007081208/tools/bin/../lib/gcc/arm-none-eabi/7.3.1/thumb/v7-m/crtbegin.o
                0x0000000020000084                . = ALIGN (0x4)

.bss            0x0000000020000084      0x174 load address 0x0000000008003674
                0x0000000020000084                _sbss = .
                0x0000000020000084                __bss_start__ = _sbss
 *(.bss)
 .bss           0x0000000020000084       0x1c c:/st/stm32cubeide_1.4.0/stm32cubeide/plugins/com.st.stm32cube.ide.mcu.externaltools.gnu-tools-for-stm32.7-2018-q2-update.win32_1.4.0.202007081208/tools/bin/../lib/gcc/arm-none-eabi/7.3.1/thumb/v7-m/crtbegin.o
 *(.bss*)
 .bss.count     0x00000000200000a0        0x4 APPLICATION/HAL/LCD.o
                0x00000000200000a0                count
 .bss.Glob_SPI_Config
                0x00000000200000a4        0x8 APPLICATION/MCAL/STM32F103C6_SPI_Driver.o
                0x00000000200000a4                Glob_SPI_Config
 .bss.GLOBAL_UART1_Config
                0x00000000200000ac        0x4 APPLICATION/MCAL/STM32F103C6_USART_Driver.o
                0x00000000200000ac                GLOBAL_UART1_Config
 .bss.GLOBAL_UART2_Config
                0x00000000200000b0        0x4 APPLICATION/MCAL/STM32F103C6_USART_Driver.o
                0x00000000200000b0                GLOBAL_UART2_Config
 .bss.GLOBAL_UART3_Config
                0x00000000200000b4        0x4 APPLICATION/MCAL/STM32F103C6_USART_Driver.o
                0x00000000200000b4                GLOBAL_UART3_Config
 .bss.Glob_key_pressed
                0x00000000200000b8        0x1 APPLICATION/MyAPP.o
                0x00000000200000b8                Glob_key_pressed
 *fill*         0x00000000200000b9        0x3 
 .bss.i         0x00000000200000bc        0x4 APPLICATION/MyAPP.o
                0x00000000200000bc                i
 .bss.Glob_NumberOfCurrentUsers
                0x00000000200000c0        0x1 APPLICATION/MyAPP.o
                0x00000000200000c0                Glob_NumberOfCurrentUsers
 *(COMMON)
 *fill*         0x00000000200000c1        0x3 
 COMMON         0x00000000200000c4       0x3c APPLICATION/MCAL/STM32F103C6_EXTI_Driver.o
                0x00000000200000c4                GP_IRQ_CALLBACK
 COMMON         0x0000000020000100       0x38 APPLICATION/MCAL/STM32F103C6_SPI_Driver.o
                0x0000000020000100                Glob_SPI2_Config
                0x000000002000011c                Glob_SPI1_Config
 COMMON         0x0000000020000138        0x8 APPLICATION/MCAL/STM32F103C6_USART_Driver.o
                0x0000000020000138                P_IRQ_CallBack
                0x000000002000013c                Pclk
 COMMON         0x0000000020000140       0xb7 APPLICATION/MyAPP.o
                0x0000000020000140                uartCfg
                0x0000000020000154                sGlobAdminArr
                0x0000000020000180                Glob_ArrIndex
                0x0000000020000184                sGlobDriverArr
                0x00000000200001f8                . = ALIGN (0x4)
 *fill*         0x00000000200001f7        0x1 
                0x00000000200001f8                _ebss = .
                0x00000000200001f8                __bss_end__ = _ebss

._user_heap_stack
                0x00000000200001f8      0x600 load address 0x0000000008003674
                0x00000000200001f8                . = ALIGN (0x8)
                [!provide]                        PROVIDE (end = .)
                0x00000000200001f8                PROVIDE (_end = .)
                0x00000000200003f8                . = (. + _Min_Heap_Size)
 *fill*         0x00000000200001f8      0x200 
                0x00000000200007f8                . = (. + _Min_Stack_Size)
 *fill*         0x00000000200003f8      0x400 
                0x00000000200007f8                . = ALIGN (0x8)

/DISCARD/
 libc.a(*)
 libm.a(*)
 libgcc.a(*)

.ARM.attributes
                0x0000000000000000       0x29
 *(.ARM.attributes)
 .ARM.attributes
                0x0000000000000000       0x1d c:/st/stm32cubeide_1.4.0/stm32cubeide/plugins/com.st.stm32cube.ide.mcu.externaltools.gnu-tools-for-stm32.7-2018-q2-update.win32_1.4.0.202007081208/tools/bin/../lib/gcc/arm-none-eabi/7.3.1/thumb/v7-m/crti.o
 .ARM.attributes
                0x000000000000001d       0x2d c:/st/stm32cubeide_1.4.0/stm32cubeide/plugins/com.st.stm32cube.ide.mcu.externaltools.gnu-tools-for-stm32.7-2018-q2-update.win32_1.4.0.202007081208/tools/bin/../lib/gcc/arm-none-eabi/7.3.1/thumb/v7-m/crtbegin.o
 .ARM.attributes
                0x000000000000004a       0x33 APPLICATION/HAL/Keypad.o
 .ARM.attributes
                0x000000000000007d       0x33 APPLICATION/HAL/LCD.o
 .ARM.attributes
                0x00000000000000b0       0x33 APPLICATION/MCAL/STM32F103C6_EXTI_Driver.o
 .ARM.attributes
                0x00000000000000e3       0x33 APPLICATION/MCAL/STM32F103C6_GPIO_Driver.o
 .ARM.attributes
                0x0000000000000116       0x33 APPLICATION/MCAL/STM32F103C6_RCC_Driver.o
 .ARM.attributes
                0x0000000000000149       0x33 APPLICATION/MCAL/STM32F103C6_SPI_Driver.o
 .ARM.attributes
                0x000000000000017c       0x33 APPLICATION/MCAL/STM32F103C6_USART_Driver.o
 .ARM.attributes
                0x00000000000001af       0x33 APPLICATION/MyAPP.o
 .ARM.attributes
                0x00000000000001e2       0x33 Src/main.o
 .ARM.attributes
                0x0000000000000215       0x21 Startup/startup_stm32f103c6tx.o
 .ARM.attributes
                0x0000000000000236       0x2d c:/st/stm32cubeide_1.4.0/stm32cubeide/plugins/com.st.stm32cube.ide.mcu.externaltools.gnu-tools-for-stm32.7-2018-q2-update.win32_1.4.0.202007081208/tools/bin/../lib/gcc/arm-none-eabi/7.3.1/../../../../arm-none-eabi/lib/thumb/v7-m\libc_nano.a(lib_a-init.o)
 .ARM.attributes
                0x0000000000000263       0x1d c:/st/stm32cubeide_1.4.0/stm32cubeide/plugins/com.st.stm32cube.ide.mcu.externaltools.gnu-tools-for-stm32.7-2018-q2-update.win32_1.4.0.202007081208/tools/bin/../lib/gcc/arm-none-eabi/7.3.1/thumb/v7-m/crtn.o
OUTPUT(U11-Garage-System-UART.elf elf32-littlearm)

.debug_info     0x0000000000000000     0x81a5
 .debug_info    0x0000000000000000      0xb8b APPLICATION/HAL/Keypad.o
 .debug_info    0x0000000000000b8b      0xddc APPLICATION/HAL/LCD.o
 .debug_info    0x0000000000001967      0xdb6 APPLICATION/MCAL/STM32F103C6_EXTI_Driver.o
 .debug_info    0x000000000000271d      0xdd4 APPLICATION/MCAL/STM32F103C6_GPIO_Driver.o
 .debug_info    0x00000000000034f1      0xae4 APPLICATION/MCAL/STM32F103C6_RCC_Driver.o
 .debug_info    0x0000000000003fd5      0xf93 APPLICATION/MCAL/STM32F103C6_SPI_Driver.o
 .debug_info    0x0000000000004f68      0xeed APPLICATION/MCAL/STM32F103C6_USART_Driver.o
 .debug_info    0x0000000000005e55     0x1942 APPLICATION/MyAPP.o
 .debug_info    0x0000000000007797      0x9ec Src/main.o
 .debug_info    0x0000000000008183       0x22 Startup/startup_stm32f103c6tx.o

.debug_abbrev   0x0000000000000000     0x13ad
 .debug_abbrev  0x0000000000000000      0x199 APPLICATION/HAL/Keypad.o
 .debug_abbrev  0x0000000000000199      0x287 APPLICATION/HAL/LCD.o
 .debug_abbrev  0x0000000000000420      0x224 APPLICATION/MCAL/STM32F103C6_EXTI_Driver.o
 .debug_abbrev  0x0000000000000644      0x1f4 APPLICATION/MCAL/STM32F103C6_GPIO_Driver.o
 .debug_abbrev  0x0000000000000838      0x19b APPLICATION/MCAL/STM32F103C6_RCC_Driver.o
 .debug_abbrev  0x00000000000009d3      0x259 APPLICATION/MCAL/STM32F103C6_SPI_Driver.o
 .debug_abbrev  0x0000000000000c2c      0x257 APPLICATION/MCAL/STM32F103C6_USART_Driver.o
 .debug_abbrev  0x0000000000000e83      0x382 APPLICATION/MyAPP.o
 .debug_abbrev  0x0000000000001205      0x196 Src/main.o
 .debug_abbrev  0x000000000000139b       0x12 Startup/startup_stm32f103c6tx.o

.debug_loc      0x0000000000000000     0x19b4
 .debug_loc     0x0000000000000000       0xf0 APPLICATION/HAL/Keypad.o
 .debug_loc     0x00000000000000f0      0x3bc APPLICATION/HAL/LCD.o
 .debug_loc     0x00000000000004ac      0x320 APPLICATION/MCAL/STM32F103C6_EXTI_Driver.o
 .debug_loc     0x00000000000007cc      0x3b8 APPLICATION/MCAL/STM32F103C6_GPIO_Driver.o
 .debug_loc     0x0000000000000b84       0xc8 APPLICATION/MCAL/STM32F103C6_RCC_Driver.o
 .debug_loc     0x0000000000000c4c      0x30c APPLICATION/MCAL/STM32F103C6_SPI_Driver.o
 .debug_loc     0x0000000000000f58      0x2e4 APPLICATION/MCAL/STM32F103C6_USART_Driver.o
 .debug_loc     0x000000000000123c      0x74c APPLICATION/MyAPP.o
 .debug_loc     0x0000000000001988       0x2c Src/main.o

.debug_aranges  0x0000000000000000      0x3e0
 .debug_aranges
                0x0000000000000000       0x30 APPLICATION/HAL/Keypad.o
 .debug_aranges
                0x0000000000000030       0x80 APPLICATION/HAL/LCD.o
 .debug_aranges
                0x00000000000000b0       0x80 APPLICATION/MCAL/STM32F103C6_EXTI_Driver.o
 .debug_aranges
                0x0000000000000130       0x70 APPLICATION/MCAL/STM32F103C6_GPIO_Driver.o
 .debug_aranges
                0x00000000000001a0       0x38 APPLICATION/MCAL/STM32F103C6_RCC_Driver.o
 .debug_aranges
                0x00000000000001d8       0x60 APPLICATION/MCAL/STM32F103C6_SPI_Driver.o
 .debug_aranges
                0x0000000000000238       0x68 APPLICATION/MCAL/STM32F103C6_USART_Driver.o
 .debug_aranges
                0x00000000000002a0       0xf8 APPLICATION/MyAPP.o
 .debug_aranges
                0x0000000000000398       0x20 Src/main.o
 .debug_aranges
                0x00000000000003b8       0x28 Startup/startup_stm32f103c6tx.o

.debug_ranges   0x0000000000000000      0x348
 .debug_ranges  0x0000000000000000       0x20 APPLICATION/HAL/Keypad.o
 .debug_ranges  0x0000000000000020       0x70 APPLICATION/HAL/LCD.o
 .debug_ranges  0x0000000000000090       0x70 APPLICATION/MCAL/STM32F103C6_EXTI_Driver.o
 .debug_ranges  0x0000000000000100       0x60 APPLICATION/MCAL/STM32F103C6_GPIO_Driver.o
 .debug_ranges  0x0000000000000160       0x28 APPLICATION/MCAL/STM32F103C6_RCC_Driver.o
 .debug_ranges  0x0000000000000188       0x50 APPLICATION/MCAL/STM32F103C6_SPI_Driver.o
 .debug_ranges  0x00000000000001d8       0x58 APPLICATION/MCAL/STM32F103C6_USART_Driver.o
 .debug_ranges  0x0000000000000230       0xe8 APPLICATION/MyAPP.o
 .debug_ranges  0x0000000000000318       0x10 Src/main.o
 .debug_ranges  0x0000000000000328       0x20 Startup/startup_stm32f103c6tx.o

.debug_macro    0x0000000000000000     0x3bd5
 .debug_macro   0x0000000000000000      0x213 APPLICATION/HAL/Keypad.o
 .debug_macro   0x0000000000000213      0xa60 APPLICATION/HAL/Keypad.o
 .debug_macro   0x0000000000000c73       0x18 APPLICATION/HAL/Keypad.o
 .debug_macro   0x0000000000000c8b       0x22 APPLICATION/HAL/Keypad.o
 .debug_macro   0x0000000000000cad       0x40 APPLICATION/HAL/Keypad.o
 .debug_macro   0x0000000000000ced       0x94 APPLICATION/HAL/Keypad.o
 .debug_macro   0x0000000000000d81       0x3c APPLICATION/HAL/Keypad.o
 .debug_macro   0x0000000000000dbd       0x34 APPLICATION/HAL/Keypad.o
 .debug_macro   0x0000000000000df1       0x16 APPLICATION/HAL/Keypad.o
 .debug_macro   0x0000000000000e07      0x10e APPLICATION/HAL/Keypad.o
 .debug_macro   0x0000000000000f15       0x8d APPLICATION/HAL/Keypad.o
 .debug_macro   0x0000000000000fa2       0x57 APPLICATION/HAL/Keypad.o
 .debug_macro   0x0000000000000ff9       0x52 APPLICATION/HAL/Keypad.o
 .debug_macro   0x000000000000104b       0x1f APPLICATION/HAL/Keypad.o
 .debug_macro   0x000000000000106a       0x43 APPLICATION/HAL/Keypad.o
 .debug_macro   0x00000000000010ad       0x20 APPLICATION/HAL/Keypad.o
 .debug_macro   0x00000000000010cd      0x1a3 APPLICATION/HAL/Keypad.o
 .debug_macro   0x0000000000001270      0x330 APPLICATION/HAL/Keypad.o
 .debug_macro   0x00000000000015a0       0x16 APPLICATION/HAL/Keypad.o
 .debug_macro   0x00000000000015b6       0x29 APPLICATION/HAL/Keypad.o
 .debug_macro   0x00000000000015df       0xef APPLICATION/HAL/Keypad.o
 .debug_macro   0x00000000000016ce       0x6a APPLICATION/HAL/Keypad.o
 .debug_macro   0x0000000000001738      0x1df APPLICATION/HAL/Keypad.o
 .debug_macro   0x0000000000001917       0x1c APPLICATION/HAL/Keypad.o
 .debug_macro   0x0000000000001933       0x35 APPLICATION/HAL/Keypad.o
 .debug_macro   0x0000000000001968       0x10 APPLICATION/HAL/Keypad.o
 .debug_macro   0x0000000000001978       0x10 APPLICATION/HAL/Keypad.o
 .debug_macro   0x0000000000001988       0x1c APPLICATION/HAL/Keypad.o
 .debug_macro   0x00000000000019a4       0x52 APPLICATION/HAL/Keypad.o
 .debug_macro   0x00000000000019f6       0x40 APPLICATION/HAL/Keypad.o
 .debug_macro   0x0000000000001a36       0x10 APPLICATION/HAL/Keypad.o
 .debug_macro   0x0000000000001a46       0x40 APPLICATION/HAL/Keypad.o
 .debug_macro   0x0000000000001a86       0xd7 APPLICATION/HAL/Keypad.o
 .debug_macro   0x0000000000001b5d       0x1c APPLICATION/HAL/Keypad.o
 .debug_macro   0x0000000000001b79       0x3d APPLICATION/HAL/Keypad.o
 .debug_macro   0x0000000000001bb6       0x16 APPLICATION/HAL/Keypad.o
 .debug_macro   0x0000000000001bcc      0x145 APPLICATION/HAL/Keypad.o
 .debug_macro   0x0000000000001d11      0x2b2 APPLICATION/HAL/Keypad.o
 .debug_macro   0x0000000000001fc3       0xca APPLICATION/HAL/Keypad.o
 .debug_macro   0x000000000000208d       0x40 APPLICATION/HAL/Keypad.o
 .debug_macro   0x00000000000020cd      0x217 APPLICATION/HAL/LCD.o
 .debug_macro   0x00000000000022e4       0xe8 APPLICATION/HAL/LCD.o
 .debug_macro   0x00000000000023cc      0x21d APPLICATION/MCAL/STM32F103C6_EXTI_Driver.o
 .debug_macro   0x00000000000025e9      0x2b2 APPLICATION/MCAL/STM32F103C6_EXTI_Driver.o
 .debug_macro   0x000000000000289b      0x21a APPLICATION/MCAL/STM32F103C6_EXTI_Driver.o
 .debug_macro   0x0000000000002ab5       0xca APPLICATION/MCAL/STM32F103C6_EXTI_Driver.o
 .debug_macro   0x0000000000002b7f      0x204 APPLICATION/MCAL/STM32F103C6_GPIO_Driver.o
 .debug_macro   0x0000000000002d83      0x217 APPLICATION/MCAL/STM32F103C6_RCC_Driver.o
 .debug_macro   0x0000000000002f9a       0x16 APPLICATION/MCAL/STM32F103C6_RCC_Driver.o
 .debug_macro   0x0000000000002fb0      0x22f APPLICATION/MCAL/STM32F103C6_SPI_Driver.o
 .debug_macro   0x00000000000031df       0xc2 APPLICATION/MCAL/STM32F103C6_SPI_Driver.o
 .debug_macro   0x00000000000032a1      0x24e APPLICATION/MCAL/STM32F103C6_USART_Driver.o
 .debug_macro   0x00000000000034ef       0xbe APPLICATION/MCAL/STM32F103C6_USART_Driver.o
 .debug_macro   0x00000000000035ad      0x289 APPLICATION/MyAPP.o
 .debug_macro   0x0000000000003836       0x46 APPLICATION/MyAPP.o
 .debug_macro   0x000000000000387c       0xd6 APPLICATION/MyAPP.o
 .debug_macro   0x0000000000003952      0x283 Src/main.o

.debug_line     0x0000000000000000     0x4b88
 .debug_line    0x0000000000000000      0x726 APPLICATION/HAL/Keypad.o
 .debug_line    0x0000000000000726      0x89d APPLICATION/HAL/LCD.o
 .debug_line    0x0000000000000fc3      0x815 APPLICATION/MCAL/STM32F103C6_EXTI_Driver.o
 .debug_line    0x00000000000017d8      0x740 APPLICATION/MCAL/STM32F103C6_GPIO_Driver.o
 .debug_line    0x0000000000001f18      0x6c3 APPLICATION/MCAL/STM32F103C6_RCC_Driver.o
 .debug_line    0x00000000000025db      0x7ca APPLICATION/MCAL/STM32F103C6_SPI_Driver.o
 .debug_line    0x0000000000002da5      0x7ed APPLICATION/MCAL/STM32F103C6_USART_Driver.o
 .debug_line    0x0000000000003592      0xde0 APPLICATION/MyAPP.o
 .debug_line    0x0000000000004372      0x792 Src/main.o
 .debug_line    0x0000000000004b04       0x84 Startup/startup_stm32f103c6tx.o

.debug_str      0x0000000000000000     0xc7d7
 .debug_str     0x0000000000000000     0x9432 APPLICATION/HAL/Keypad.o
                                       0x969b (size before relaxing)
 .debug_str     0x0000000000009432      0x4b0 APPLICATION/HAL/LCD.o
                                       0x9981 (size before relaxing)
 .debug_str     0x00000000000098e2     0x150c APPLICATION/MCAL/STM32F103C6_EXTI_Driver.o
                                       0xa945 (size before relaxing)
 .debug_str     0x000000000000adee      0x169 APPLICATION/MCAL/STM32F103C6_GPIO_Driver.o
                                       0x95df (size before relaxing)
 .debug_str     0x000000000000af57       0xfb APPLICATION/MCAL/STM32F103C6_RCC_Driver.o
                                       0x9517 (size before relaxing)
 .debug_str     0x000000000000b052      0x765 APPLICATION/MCAL/STM32F103C6_SPI_Driver.o
                                       0x9be1 (size before relaxing)
 .debug_str     0x000000000000b7b7      0x8c3 APPLICATION/MCAL/STM32F103C6_USART_Driver.o
                                       0x9e25 (size before relaxing)
 .debug_str     0x000000000000c07a      0x719 APPLICATION/MyAPP.o
                                       0xbfc3 (size before relaxing)
 .debug_str     0x000000000000c793       0x13 Src/main.o
                                       0xb8bc (size before relaxing)
 .debug_str     0x000000000000c7a6       0x31 Startup/startup_stm32f103c6tx.o
                                         0x85 (size before relaxing)

.comment        0x0000000000000000       0x7b
 .comment       0x0000000000000000       0x7b APPLICATION/HAL/Keypad.o
                                         0x7c (size before relaxing)
 .comment       0x000000000000007b       0x7c APPLICATION/HAL/LCD.o
 .comment       0x000000000000007b       0x7c APPLICATION/MCAL/STM32F103C6_EXTI_Driver.o
 .comment       0x000000000000007b       0x7c APPLICATION/MCAL/STM32F103C6_GPIO_Driver.o
 .comment       0x000000000000007b       0x7c APPLICATION/MCAL/STM32F103C6_RCC_Driver.o
 .comment       0x000000000000007b       0x7c APPLICATION/MCAL/STM32F103C6_SPI_Driver.o
 .comment       0x000000000000007b       0x7c APPLICATION/MCAL/STM32F103C6_USART_Driver.o
 .comment       0x000000000000007b       0x7c APPLICATION/MyAPP.o
 .comment       0x000000000000007b       0x7c Src/main.o

.debug_frame    0x0000000000000000      0xd34
 .debug_frame   0x0000000000000000       0x7c APPLICATION/HAL/Keypad.o
 .debug_frame   0x000000000000007c      0x1e0 APPLICATION/HAL/LCD.o
 .debug_frame   0x000000000000025c      0x1b0 APPLICATION/MCAL/STM32F103C6_EXTI_Driver.o
 .debug_frame   0x000000000000040c      0x1b8 APPLICATION/MCAL/STM32F103C6_GPIO_Driver.o
 .debug_frame   0x00000000000005c4       0x84 APPLICATION/MCAL/STM32F103C6_RCC_Driver.o
 .debug_frame   0x0000000000000648      0x170 APPLICATION/MCAL/STM32F103C6_SPI_Driver.o
 .debug_frame   0x00000000000007b8      0x170 APPLICATION/MCAL/STM32F103C6_USART_Driver.o
 .debug_frame   0x0000000000000928      0x3b4 APPLICATION/MyAPP.o
 .debug_frame   0x0000000000000cdc       0x2c Src/main.o
 .debug_frame   0x0000000000000d08       0x2c c:/st/stm32cubeide_1.4.0/stm32cubeide/plugins/com.st.stm32cube.ide.mcu.externaltools.gnu-tools-for-stm32.7-2018-q2-update.win32_1.4.0.202007081208/tools/bin/../lib/gcc/arm-none-eabi/7.3.1/../../../../arm-none-eabi/lib/thumb/v7-m\libc_nano.a(lib_a-init.o)
