STM32F103C6_EXTI_Driver.c:38:6:Enable_NVIC	16	static
STM32F103C6_EXTI_Driver.c:77:6:Disable_NVIC	16	static
STM32F103C6_EXTI_Driver.c:118:6:UPDATE_EXTI	24	static
STM32F103C6_EXTI_Driver.c:194:6:MCAL_EXTI_GPIO_DeInit	4	static
STM32F103C6_EXTI_Driver.c:224:6:MCAL_EXTI_GPIO_Init	16	static
STM32F103C6_EXTI_Driver.c:231:6:MCAL_EXTI_GPIO_Update	16	static
STM32F103C6_EXTI_Driver.c:242:6:EXTI0_IRQHandler	8	static
STM32F103C6_EXTI_Driver.c:250:6:EXTI1_IRQHandler	8	static
STM32F103C6_EXTI_Driver.c:258:6:EXTI2_IRQHandler	8	static
STM32F103C6_EXTI_Driver.c:266:6:EXTI3_IRQHandler	8	static
STM32F103C6_EXTI_Driver.c:274:6:EXTI4_IRQHandler	8	static
STM32F103C6_EXTI_Driver.c:282:6:EXTI9_5_IRQHandler	8	static
STM32F103C6_EXTI_Driver.c:292:6:EXTI15_10_IRQHandler	8	static
