MyAPP.c:143:13:APP_CLK_init	4	static
MyAPP.c:153:13:APP_EXTI_For_UART_init	4	static
MyAPP.c:158:13:APP_UART_init	8	static
MyAPP.c:180:13:APP_SPI_init	40	static
MyAPP.c:238:13:APP_EXTI_init	32	static
MyAPP.c:261:13:APP_Start_Tringer_init	16	static
MyAPP.c:270:13:APP_Start_Tringer_Run	8	static
MyAPP.c:280:6:LCD_Start	8	static
MyAPP.c:337:6:LCD_Access_Accepted	24	static
MyAPP.c:356:6:LCD_Access_Denied	8	static
MyAPP.c:364:6:LCD_Option_Menu	8	static
MyAPP.c:384:6:LCD_Delete_Menu	8	static
MyAPP.c:402:6:LCD_Delete_Process	16	static
MyAPP.c:430:6:LCD_Edit_Process	16	static
MyAPP.c:461:13:Fill_Admins_Data	4	static
MyAPP.c:511:13:Fill_Drivers_Data	4	static
MyAPP.c:588:16:AdminAccessRequest	40	static
MyAPP.c:664:6:SystemStatus	8	static
MyAPP.c:676:9:SystemAdd	24	static
MyAPP.c:757:9:SystemDelete	8	static
MyAPP.c:774:9:SystemEdit	48	static
MyAPP.c:914:9:SystemSearchDriver	16	static
MyAPP.c:929:6:EntranceSendTrue	8	static
MyAPP.c:951:6:EntranceSendFalse	8	static
MyAPP.c:969:6:EntranceCheckID	24	static
MyAPP.c:998:6:ExitSendTrue	8	static
MyAPP.c:1021:6:ExitSendFalse	8	static
MyAPP.c:1039:6:ExitCheckID	24	static
MyAPP.c:1073:9:DeleteProcess	48	static
MyAPP.c:1192:6:PrintAllDrivers	24	static
MyAPP.c:1243:9:CompareStrings	24	static
MyAPP.c:1259:6:First_SPI_Rx_Solution	16	static
MyAPP.c:1277:6:ECU2_ADMIN_Dashboard	16	static
MyAPP.c:1336:6:ECU2_Dashboard_APP_SETUP	8	static
MyAPP.c:1365:6:ECU2_Dashboard_APP_RUN	8	static
MyAPP.c:1386:13:ECU2_UART_IRQ_CallBack	16	static
MyAPP.c:1407:13:ECU2_Entrance_EXT_IRQ_Callback	8	static
MyAPP.c:1439:13:ECU2_Exit_EXT_IRQ_Callback	8	static
