Archive member included to satisfy reference by file (symbol)

c:/st/stm32cubeide_1.4.0/stm32cubeide/plugins/com.st.stm32cube.ide.mcu.externaltools.gnu-tools-for-stm32.7-2018-q2-update.win32_1.4.0.202007081208/tools/bin/../lib/gcc/arm-none-eabi/7.3.1/../../../../arm-none-eabi/lib/thumb/v7-m\libc_nano.a(lib_a-errno.o)
                              Src/syscalls.o (__errno)
c:/st/stm32cubeide_1.4.0/stm32cubeide/plugins/com.st.stm32cube.ide.mcu.externaltools.gnu-tools-for-stm32.7-2018-q2-update.win32_1.4.0.202007081208/tools/bin/../lib/gcc/arm-none-eabi/7.3.1/../../../../arm-none-eabi/lib/thumb/v7-m\libc_nano.a(lib_a-exit.o)
                              c:/st/stm32cubeide_1.4.0/stm32cubeide/plugins/com.st.stm32cube.ide.mcu.externaltools.gnu-tools-for-stm32.7-2018-q2-update.win32_1.4.0.202007081208/tools/bin/../lib/gcc/arm-none-eabi/7.3.1/../../../../arm-none-eabi/lib/thumb/v7-m/crt0.o (exit)
c:/st/stm32cubeide_1.4.0/stm32cubeide/plugins/com.st.stm32cube.ide.mcu.externaltools.gnu-tools-for-stm32.7-2018-q2-update.win32_1.4.0.202007081208/tools/bin/../lib/gcc/arm-none-eabi/7.3.1/../../../../arm-none-eabi/lib/thumb/v7-m\libc_nano.a(lib_a-impure.o)
                              c:/st/stm32cubeide_1.4.0/stm32cubeide/plugins/com.st.stm32cube.ide.mcu.externaltools.gnu-tools-for-stm32.7-2018-q2-update.win32_1.4.0.202007081208/tools/bin/../lib/gcc/arm-none-eabi/7.3.1/../../../../arm-none-eabi/lib/thumb/v7-m\libc_nano.a(lib_a-exit.o) (_global_impure_ptr)
c:/st/stm32cubeide_1.4.0/stm32cubeide/plugins/com.st.stm32cube.ide.mcu.externaltools.gnu-tools-for-stm32.7-2018-q2-update.win32_1.4.0.202007081208/tools/bin/../lib/gcc/arm-none-eabi/7.3.1/../../../../arm-none-eabi/lib/thumb/v7-m\libc_nano.a(lib_a-init.o)
                              c:/st/stm32cubeide_1.4.0/stm32cubeide/plugins/com.st.stm32cube.ide.mcu.externaltools.gnu-tools-for-stm32.7-2018-q2-update.win32_1.4.0.202007081208/tools/bin/../lib/gcc/arm-none-eabi/7.3.1/../../../../arm-none-eabi/lib/thumb/v7-m/crt0.o (__libc_init_array)
c:/st/stm32cubeide_1.4.0/stm32cubeide/plugins/com.st.stm32cube.ide.mcu.externaltools.gnu-tools-for-stm32.7-2018-q2-update.win32_1.4.0.202007081208/tools/bin/../lib/gcc/arm-none-eabi/7.3.1/../../../../arm-none-eabi/lib/thumb/v7-m\libc_nano.a(lib_a-memset.o)
                              c:/st/stm32cubeide_1.4.0/stm32cubeide/plugins/com.st.stm32cube.ide.mcu.externaltools.gnu-tools-for-stm32.7-2018-q2-update.win32_1.4.0.202007081208/tools/bin/../lib/gcc/arm-none-eabi/7.3.1/../../../../arm-none-eabi/lib/thumb/v7-m/crt0.o (memset)
c:/st/stm32cubeide_1.4.0/stm32cubeide/plugins/com.st.stm32cube.ide.mcu.externaltools.gnu-tools-for-stm32.7-2018-q2-update.win32_1.4.0.202007081208/tools/bin/../lib/gcc/arm-none-eabi/7.3.1/thumb/v7-m\libgcc.a(_arm_addsubsf3.o)
                              APPLICATION/HAL/LCD.o (__aeabi_fsub)
c:/st/stm32cubeide_1.4.0/stm32cubeide/plugins/com.st.stm32cube.ide.mcu.externaltools.gnu-tools-for-stm32.7-2018-q2-update.win32_1.4.0.202007081208/tools/bin/../lib/gcc/arm-none-eabi/7.3.1/thumb/v7-m\libgcc.a(_arm_muldivsf3.o)
                              APPLICATION/HAL/LCD.o (__aeabi_fdiv)
c:/st/stm32cubeide_1.4.0/stm32cubeide/plugins/com.st.stm32cube.ide.mcu.externaltools.gnu-tools-for-stm32.7-2018-q2-update.win32_1.4.0.202007081208/tools/bin/../lib/gcc/arm-none-eabi/7.3.1/thumb/v7-m\libgcc.a(_arm_fixunssfsi.o)
                              APPLICATION/HAL/LCD.o (__aeabi_f2uiz)

Allocating common symbols
Common symbol       size              file

uartCfg             0x14              APPLICATION/MyApp.o
P_IRQ_CallBack      0x4               APPLICATION/MCAL/STM32F103C6_USART_Driver.o
Glob_SPI2_Config    0x18              APPLICATION/MCAL/STM32F103C6_SPI_Driver.o
GP_IRQ_CALLBACK     0x3c              APPLICATION/MCAL/STM32F103C6_EXTI_Driver.o
Glob_SPI1_Config    0x18              APPLICATION/MCAL/STM32F103C6_SPI_Driver.o
Pclk                0x4               APPLICATION/MCAL/STM32F103C6_USART_Driver.o

Discarded input sections

 .text          0x0000000000000000        0x0 c:/st/stm32cubeide_1.4.0/stm32cubeide/plugins/com.st.stm32cube.ide.mcu.externaltools.gnu-tools-for-stm32.7-2018-q2-update.win32_1.4.0.202007081208/tools/bin/../lib/gcc/arm-none-eabi/7.3.1/thumb/v7-m/crti.o
 .data          0x0000000000000000        0x0 c:/st/stm32cubeide_1.4.0/stm32cubeide/plugins/com.st.stm32cube.ide.mcu.externaltools.gnu-tools-for-stm32.7-2018-q2-update.win32_1.4.0.202007081208/tools/bin/../lib/gcc/arm-none-eabi/7.3.1/thumb/v7-m/crti.o
 .bss           0x0000000000000000        0x0 c:/st/stm32cubeide_1.4.0/stm32cubeide/plugins/com.st.stm32cube.ide.mcu.externaltools.gnu-tools-for-stm32.7-2018-q2-update.win32_1.4.0.202007081208/tools/bin/../lib/gcc/arm-none-eabi/7.3.1/thumb/v7-m/crti.o
 .data          0x0000000000000000        0x4 c:/st/stm32cubeide_1.4.0/stm32cubeide/plugins/com.st.stm32cube.ide.mcu.externaltools.gnu-tools-for-stm32.7-2018-q2-update.win32_1.4.0.202007081208/tools/bin/../lib/gcc/arm-none-eabi/7.3.1/thumb/v7-m/crtbegin.o
[...]
Memory Configuration

Name             Origin             Length             Attributes
RAM              0x0000000020000000 0x0000000000002800 xrw
ROM              0x0000000008000000 0x0000000000008000 xr
*default*        0x0000000000000000 0xffffffffffffffff

Linker script and memory map

LOAD c:/st/stm32cubeide_1.4.0/stm32cubeide/plugins/com.st.stm32cube.ide.mcu.externaltools.gnu-tools-for-stm32.7-2018-q2-update.win32_1.4.0.202007081208/tools/bin/../lib/gcc/arm-none-eabi/7.3.1/thumb/v7-m/crti.o
LOAD c:/st/stm32cubeide_1.4.0/stm32cubeide/plugins/com.st.stm32cube.ide.mcu.externaltools.gnu-tools-for-stm32.7-2018-q2-update.win32_1.4.0.202007081208/tools/bin/../lib/gcc/arm-none-eabi/7.3.1/thumb/v7-m/crtbegin.o
LOAD c:/st/stm32cubeide_1.4.0/stm32cubeide/plugins/com.st.stm32cube.ide.mcu.externaltools.gnu-tools-for-stm32.7-2018-q2-update.win32_1.4.0.202007081208/tools/bin/../lib/gcc/arm-none-eabi/7.3.1/../../../../arm-none-eabi/lib/thumb/v7-m/crt0.o
LOAD APPLICATION/HAL/Buzzer.o
LOAD APPLICATION/HAL/Gate.o
LOAD APPLICATION/HAL/Keypad.o
LOAD APPLICATION/HAL/LCD.o
LOAD APPLICATION/HAL/Motion.o
LOAD APPLICATION/MCAL/STM32F103C6_EXTI_Driver.o
LOAD APPLICATION/MCAL/STM32F103C6_GPIO_Driver.o
LOAD APPLICATION/MCAL/STM32F103C6_RCC_Driver.o
LOAD APPLICATION/MCAL/STM32F103C6_SPI_Driver.o
LOAD APPLICATION/MCAL/STM32F103C6_TIMER_Driver.o
LOAD APPLICATION/MCAL/STM32F103C6_USART_Driver.o
LOAD APPLICATION/MyApp.o
LOAD Src/main.o
LOAD Src/syscalls.o
LOAD Src/sysmem.o
LOAD Startup/startup_stm32f103c6tx.o
START GROUP
LOAD c:/st/stm32cubeide_1.4.0/stm32cubeide/plugins/com.st.stm32cube.ide.mcu.externaltools.gnu-tools-for-stm32.7-2018-q2-update.win32_1.4.0.202007081208/tools/bin/../lib/gcc/arm-none-eabi/7.3.1/../../../../arm-none-eabi/lib/thumb/v7-m\libc_nano.a
LOAD c:/st/stm32cubeide_1.4.0/stm32cubeide/plugins/com.st.stm32cube.ide.mcu.externaltools.gnu-tools-for-stm32.7-2018-q2-update.win32_1.4.0.202007081208/tools/bin/../lib/gcc/arm-none-eabi/7.3.1/../../../../arm-none-eabi/lib/thumb/v7-m\libm.a
END GROUP
START GROUP
LOAD c:/st/stm32cubeide_1.4.0/stm32cubeide/plugins/com.st.stm32cube.ide.mcu.externaltools.gnu-tools-for-stm32.7-2018-q2-update.win32_1.4.0.202007081208/tools/bin/../lib/gcc/arm-none-eabi/7.3.1/thumb/v7-m\libgcc.a
LOAD c:/st/stm32cubeide_1.4.0/stm32cubeide/plugins/com.st.stm32cube.ide.mcu.externaltools.gnu-tools-for-stm32.7-2018-q2-update.win32_1.4.0.202007081208/tools/bin/../lib/gcc/arm-none-eabi/7.3.1/../../../../arm-none-eabi/lib/thumb/v7-m\libg_nano.a
LOAD c:/st/stm32cubeide_1.4.0/stm32cubeide/plugins/com.st.stm32cube.ide.mcu.externaltools.gnu-tools-for-stm32.7-2018-q2-update.win32_1.4.0.202007081208/tools/bin/../lib/gcc/arm-none-eabi/7.3.1/../../../../arm-none-eabi/lib/thumb/v7-m\libc_nano.a
END GROUP
START GROUP
LOAD c:/st/stm32cubeide_1.4.0/stm32cubeide/plugins/com.st.stm32cube.ide.mcu.externaltools.gnu-tools-for-stm32.7-2018-q2-update.win32_1.4.0.202007081208/tools/bin/../lib/gcc/arm-none-eabi/7.3.1/thumb/v7-m\libgcc.a
LOAD c:/st/stm32cubeide_1.4.0/stm32cubeide/plugins/com.st.stm32cube.ide.mcu.externaltools.gnu-tools-for-stm32.7-2018-q2-update.win32_1.4.0.202007081208/tools/bin/../lib/gcc/arm-none-eabi/7.3.1/../../../../arm-none-eabi/lib/thumb/v7-m\libc_nano.a
LOAD c:/st/stm32cubeide_1.4.0/stm32cubeide/plugins/com.st.stm32cube.ide.mcu.externaltools.gnu-tools-for-stm32.7-2018-q2-update.win32_1.4.0.202007081208/tools/bin/../lib/gcc/arm-none-eabi/7.3.1/../../../../arm-none-eabi/lib/thumb/v7-m\libnosys.a
END GROUP
START GROUP
LOAD c:/st/stm32cubeide_1.4.0/stm32cubeide/plugins/com.st.stm32cube.ide.mcu.externaltools.gnu-tools-for-stm32.7-2018-q2-update.win32_1.4.0.202007081208/tools/bin/../lib/gcc/arm-none-eabi/7.3.1/thumb/v7-m\libgcc.a
LOAD c:/st/stm32cubeide_1.4.0/stm32cubeide/plugins/com.st.stm32cube.ide.mcu.externaltools.gnu-tools-for-stm32.7-2018-q2-update.win32_1.4.0.202007081208/tools/bin/../lib/gcc/arm-none-eabi/7.3.1/../../../../arm-none-eabi/lib/thumb/v7-m\libc_nano.a
LOAD c:/st/stm32cubeide_1.4.0/stm32cubeide/plugins/com.st.stm32cube.ide.mcu.externaltools.gnu-tools-for-stm32.7-2018-q2-update.win32_1.4.0.202007081208/tools/bin/../lib/gcc/arm-none-eabi/7.3.1/../../../../arm-none-eabi/lib/thumb/v7-m\libnosys.a
END GROUP
LOAD c:/st/stm32cubeide_1.4.0/stm32cubeide/plugins/com.st.stm32cube.ide.mcu.externaltools.gnu-tools-for-stm32.7-2018-q2-update.win32_1.4.0.202007081208/tools/bin/../lib/gcc/arm-none-eabi/7.3.1/thumb/v7-m/crtend.o
LOAD c:/st/stm32cubeide_1.4.0/stm32cubeide/plugins/com.st.stm32cube.ide.mcu.externaltools.gnu-tools-for-stm32.7-2018-q2-update.win32_1.4.0.202007081208/tools/bin/../lib/gcc/arm-none-eabi/7.3.1/thumb/v7-m/crtn.o
                0x0000000020002800                _estack = (ORIGIN (RAM) + LENGTH (RAM))
                0x0000000000000200                _Min_Heap_Size = 0x200
                0x0000000000000400                _Min_Stack_Size = 0x400

.isr_vector     0x0000000008000000      0x130
                0x0000000008000000                . = ALIGN (0x4)
 *(.isr_vector)
 .isr_vector    0x0000000008000000      0x130 Startup/startup_stm32f103c6tx.o
                0x0000000008000000                g_pfnVectors
                0x0000000008000130                . = ALIGN (0x4)

.text           0x0000000008000130     0x18a4
                0x0000000008000130                . = ALIGN (0x4)
 *(.text)
 .text          0x0000000008000130       0x40 c:/st/stm32cubeide_1.4.0/stm32cubeide/plugins/com.st.stm32cube.ide.mcu.externaltools.gnu-tools-for-stm32.7-2018-q2-update.win32_1.4.0.202007081208/tools/bin/../lib/gcc/arm-none-eabi/7.3.1/thumb/v7-m/crtbegin.o
 *(.text*)
 .text.Buzzer_Start
                0x0000000008000170       0x2c APPLICATION/HAL/Buzzer.o
                0x0000000008000170                Buzzer_Start
 .text.Servo2_Exit_Gate_Init
                0x000000000800019c       0x2c APPLICATION/HAL/Gate.o
                0x000000000800019c                Servo2_Exit_Gate_Init
 .text.Servo2_Exit_Gate
                0x00000000080001c8       0x64 APPLICATION/HAL/Gate.o
                0x00000000080001c8                Servo2_Exit_Gate
 .text.HAL_LCD_Set_Courser
                0x000000000800022c       0x60 APPLICATION/HAL/LCD.o
                0x000000000800022c                HAL_LCD_Set_Courser
 .text.check_line
                0x000000000800028c       0x5c APPLICATION/HAL/LCD.o
                0x000000000800028c                check_line
 .text.LCD_clear_screen
                0x00000000080002e8       0x2c APPLICATION/HAL/LCD.o
                0x00000000080002e8                LCD_clear_screen
 .text.LCD_clear_screen_2
                0x0000000008000314       0x30 APPLICATION/HAL/LCD.o
                0x0000000008000314                LCD_clear_screen_2
 .text.ENABLE_cycle
                0x0000000008000344       0x2c APPLICATION/HAL/LCD.o
                0x0000000008000344                ENABLE_cycle
 .text.LCD_delay_ms
                0x0000000008000370       0x38 APPLICATION/HAL/LCD.o
                0x0000000008000370                LCD_delay_ms
 .text.HAL_LCD_Init
                0x00000000080003a8       0xac APPLICATION/HAL/LCD.o
                0x00000000080003a8                HAL_LCD_Init
 .text.HAL_LCD_Send_Command
                0x0000000008000454       0xbc APPLICATION/HAL/LCD.o
                0x0000000008000454                HAL_LCD_Send_Command
 .text.HAL_LCD_Send_Data
                0x0000000008000510       0xd4 APPLICATION/HAL/LCD.o
                0x0000000008000510                HAL_LCD_Send_Data
 .text.HAL_LCD_Send_String
                0x00000000080005e4       0x2a APPLICATION/HAL/LCD.o
                0x00000000080005e4                HAL_LCD_Send_String
 *fill*         0x000000000800060e        0x2 
 .text.Motion_Sensor_Get_State
                0x0000000008000610       0x24 APPLICATION/HAL/Motion.o
                0x0000000008000610                Motion_Sensor_Get_State
 .text.EXTI0_IRQHandler
                0x0000000008000634       0x24 APPLICATION/MCAL/STM32F103C6_EXTI_Driver.o
                0x0000000008000634                EXTI0_IRQHandler
 .text.EXTI1_IRQHandler
                0x0000000008000658       0x24 APPLICATION/MCAL/STM32F103C6_EXTI_Driver.o
                0x0000000008000658                EXTI1_IRQHandler
 .text.EXTI2_IRQHandler
                0x000000000800067c       0x24 APPLICATION/MCAL/STM32F103C6_EXTI_Driver.o
                0x000000000800067c                EXTI2_IRQHandler
 .text.EXTI3_IRQHandler
                0x00000000080006a0       0x24 APPLICATION/MCAL/STM32F103C6_EXTI_Driver.o
                0x00000000080006a0                EXTI3_IRQHandler
 .text.EXTI4_IRQHandler
                0x00000000080006c4       0x24 APPLICATION/MCAL/STM32F103C6_EXTI_Driver.o
                0x00000000080006c4                EXTI4_IRQHandler
 .text.EXTI9_5_IRQHandler
                0x00000000080006e8       0xa8 APPLICATION/MCAL/STM32F103C6_EXTI_Driver.o
                0x00000000080006e8                EXTI9_5_IRQHandler
 .text.EXTI15_10_IRQHandler
                0x0000000008000790       0xc4 APPLICATION/MCAL/STM32F103C6_EXTI_Driver.o
                0x0000000008000790                EXTI15_10_IRQHandler
 .text.Get_CRLH_Position
                0x0000000008000854       0xc6 APPLICATION/MCAL/STM32F103C6_GPIO_Driver.o
                0x0000000008000854                Get_CRLH_Position
 .text.MCAL_GPIO_Init
                0x000000000800091a       0xd0 APPLICATION/MCAL/STM32F103C6_GPIO_Driver.o
                0x000000000800091a                MCAL_GPIO_Init
 .text.MCAL_GPIO_ReadPin
                0x00000000080009ea       0x28 APPLICATION/MCAL/STM32F103C6_GPIO_Driver.o
                0x00000000080009ea                MCAL_GPIO_ReadPin
 .text.MCAL_GPIO_WritePin
                0x0000000008000a12       0x2c APPLICATION/MCAL/STM32F103C6_GPIO_Driver.o
                0x0000000008000a12                MCAL_GPIO_WritePin
 *fill*         0x0000000008000a3e        0x2 
 .text.MCAL_RCC_GetSYS_CLKFreq
                0x0000000008000a40       0x44 APPLICATION/MCAL/STM32F103C6_RCC_Driver.o
                0x0000000008000a40                MCAL_RCC_GetSYS_CLKFreq
 .text.MCAL_RCC_GetHCLKFreq
                0x0000000008000a84       0x2c APPLICATION/MCAL/STM32F103C6_RCC_Driver.o
                0x0000000008000a84                MCAL_RCC_GetHCLKFreq
 .text.MCAL_RCC_GetPCLK1Freq
                0x0000000008000ab0       0x2c APPLICATION/MCAL/STM32F103C6_RCC_Driver.o
                0x0000000008000ab0                MCAL_RCC_GetPCLK1Freq
 .text.MCAL_RCC_GetPCLK2Freq
                0x0000000008000adc       0x2c APPLICATION/MCAL/STM32F103C6_RCC_Driver.o
                0x0000000008000adc                MCAL_RCC_GetPCLK2Freq
 .text.MCAL_SPI_GPIO_SetPins
                0x0000000008000b08      0x27c APPLICATION/MCAL/STM32F103C6_SPI_Driver.o
                0x0000000008000b08                MCAL_SPI_GPIO_SetPins
 .text.MCAL_SPI_Init
                0x0000000008000d84      0x1ac APPLICATION/MCAL/STM32F103C6_SPI_Driver.o
                0x0000000008000d84                MCAL_SPI_Init
 .text.MCAL_SPI_TxRx
                0x0000000008000f30       0x54 APPLICATION/MCAL/STM32F103C6_SPI_Driver.o
                0x0000000008000f30                MCAL_SPI_TxRx
 .text.SPI1_IRQHandler
                0x0000000008000f84       0x5c APPLICATION/MCAL/STM32F103C6_SPI_Driver.o
                0x0000000008000f84                SPI1_IRQHandler
 .text.SPI2_IRQHandler
                0x0000000008000fe0       0x5c APPLICATION/MCAL/STM32F103C6_SPI_Driver.o
                0x0000000008000fe0                SPI2_IRQHandler
 .text.MCAL_Timer2_init
                0x000000000800103c       0x50 APPLICATION/MCAL/STM32F103C6_TIMER_Driver.o
                0x000000000800103c                MCAL_Timer2_init
 .text.dus      0x000000000800108c       0x28 APPLICATION/MCAL/STM32F103C6_TIMER_Driver.o
                0x000000000800108c                dus
 .text.MCAL_UART_Init
                0x00000000080010b4      0x1bc APPLICATION/MCAL/STM32F103C6_USART_Driver.o
                0x00000000080010b4                MCAL_UART_Init
 .text.MCAL_UART_GPIO_SetPins
                0x0000000008001270       0xcc APPLICATION/MCAL/STM32F103C6_USART_Driver.o
                0x0000000008001270                MCAL_UART_GPIO_SetPins
 .text.MCAL_UART_SendData
                0x000000000800133c       0x80 APPLICATION/MCAL/STM32F103C6_USART_Driver.o
                0x000000000800133c                MCAL_UART_SendData
 .text.MCAL_UART_SendString
                0x00000000080013bc       0x42 APPLICATION/MCAL/STM32F103C6_USART_Driver.o
                0x00000000080013bc                MCAL_UART_SendString
 *fill*         0x00000000080013fe        0x2 
 .text.MCAL_UART_ReceiveData
                0x0000000008001400       0xa0 APPLICATION/MCAL/STM32F103C6_USART_Driver.o
                0x0000000008001400                MCAL_UART_ReceiveData
 .text.USART1_IRQHandler
                0x00000000080014a0       0x14 APPLICATION/MCAL/STM32F103C6_USART_Driver.o
                0x00000000080014a0                USART1_IRQHandler
 .text.USART2_IRQHandler
                0x00000000080014b4       0x14 APPLICATION/MCAL/STM32F103C6_USART_Driver.o
                0x00000000080014b4                USART2_IRQHandler
 .text.USART3_IRQHandler
                0x00000000080014c8       0x14 APPLICATION/MCAL/STM32F103C6_USART_Driver.o
                0x00000000080014c8                USART3_IRQHandler
 .text.APP_CLK_init
                0x00000000080014dc       0x34 APPLICATION/MyApp.o
 .text.APP_UART_init
                0x0000000008001510       0x58 APPLICATION/MyApp.o
 .text.APP_SPI_init
                0x0000000008001568       0x50 APPLICATION/MyApp.o
 .text.APP_EXTI_init
                0x00000000080015b8       0x2c APPLICATION/MyApp.o
 .text.APP_LEDs_Init
                0x00000000080015e4       0x3c APPLICATION/MyApp.o
 .text.APP_Start_Tringer_init
                0x0000000008001620       0x24 APPLICATION/MyApp.o
 .text.APP_Start_Wait_Trigger
                0x0000000008001644       0x1c APPLICATION/MyApp.o
 .text.UART_Welcome_Message
                0x0000000008001660       0x28 APPLICATION/MyApp.o
                0x0000000008001660                UART_Welcome_Message
 .text.LCD_Waiting_Message
                0x0000000008001688       0x18 APPLICATION/MyApp.o
                0x0000000008001688                LCD_Waiting_Message
 .text.LCD_Welcome_Message
                0x00000000080016a0       0x18 APPLICATION/MyApp.o
                0x00000000080016a0                LCD_Welcome_Message
 .text.ECU3_APP_Valid_Access
                0x00000000080016b8       0xa8 APPLICATION/MyApp.o
                0x00000000080016b8                ECU3_APP_Valid_Access
 .text.ECU3_APP_InValid_Acess
                0x0000000008001760       0x70 APPLICATION/MyApp.o
                0x0000000008001760                ECU3_APP_InValid_Acess
 .text.delay_ms
                0x00000000080017d0       0x38 APPLICATION/MyApp.o
                0x00000000080017d0                delay_ms
 .text.ECU3_Dashboard_APP_SETUP
                0x0000000008001808       0x38 APPLICATION/MyApp.o
                0x0000000008001808                ECU3_Dashboard_APP_SETUP
 .text.ECU3_Dashboard_APP_RUN
                0x0000000008001840        0x6 APPLICATION/MyApp.o
                0x0000000008001840                ECU3_Dashboard_APP_RUN
 *fill*         0x0000000008001846        0x2 
 .text.ECU3_UART_IRQ_CallBack
                0x0000000008001848       0x74 APPLICATION/MyApp.o
 .text.ECU3_SPI_IRQ_CallBack
                0x00000000080018bc       0x50 APPLICATION/MyApp.o
 .text.main     0x000000000800190c       0x12 Src/main.o
                0x000000000800190c                main
 *fill*         0x000000000800191e        0x2 
 .text.Reset_Handler
                0x0000000008001920       0x50 Startup/startup_stm32f103c6tx.o
                0x0000000008001920                Reset_Handler
 .text.Default_Handler
                0x0000000008001970        0x2 Startup/startup_stm32f103c6tx.o
                0x0000000008001970                TIM8_TRG_COM_IRQHandler
                0x0000000008001970                TIM8_CC_IRQHandler
                0x0000000008001970                DebugMon_Handler
                0x0000000008001970                TIM1_CC_IRQHandler
                0x0000000008001970                HardFault_Handler
                0x0000000008001970                TIM6_IRQHandler
                0x0000000008001970                SysTick_Handler
                0x0000000008001970                PVD_IRQHandler
                0x0000000008001970                SDIO_IRQHandler
                0x0000000008001970                PendSV_Handler
                0x0000000008001970                NMI_Handler
                0x0000000008001970                USB_HP_CAN_TX_IRQHandler
                0x0000000008001970                I2C2_EV_IRQHandler
                0x0000000008001970                UsageFault_Handler
                0x0000000008001970                ADC1_2_IRQHandler
                0x0000000008001970                CAN_SCE_IRQHandler
                0x0000000008001970                TAMPER_IRQHandler
                0x0000000008001970                TIM8_UP_IRQHandler
                0x0000000008001970                DMA2_Channel2_IRQHandler
                0x0000000008001970                DMA1_Channel4_IRQHandler
                0x0000000008001970                RTC_IRQHandler
                0x0000000008001970                DMA1_Channel7_IRQHandler
                0x0000000008001970                UART5_IRQHandler
                0x0000000008001970                ADC3_IRQHandler
                0x0000000008001970                TIM4_IRQHandler
                0x0000000008001970                CAN_RX1_IRQHandler
                0x0000000008001970                DMA2_Channel1_IRQHandler
                0x0000000008001970                I2C1_EV_IRQHandler
                0x0000000008001970                DMA1_Channel6_IRQHandler
                0x0000000008001970                UART4_IRQHandler
                0x0000000008001970                TIM3_IRQHandler
                0x0000000008001970                RCC_IRQHandler
                0x0000000008001970                TIM1_TRG_COM_IRQHandler
                0x0000000008001970                DMA1_Channel1_IRQHandler
                0x0000000008001970                Default_Handler
                0x0000000008001970                TIM7_IRQHandler
                0x0000000008001970                TIM5_IRQHandler
                0x0000000008001970                USB_LP_CAN_RX0_IRQHandler
                0x0000000008001970                MemManage_Handler
                0x0000000008001970                SVC_Handler
                0x0000000008001970                DMA1_Channel5_IRQHandler
                0x0000000008001970                DMA1_Channel3_IRQHandler
                0x0000000008001970                FSMC_IRQHandler
                0x0000000008001970                TIM1_UP_IRQHandler
                0x0000000008001970                WWDG_IRQHandler
                0x0000000008001970                TIM2_IRQHandler
                0x0000000008001970                TIM1_BRK_IRQHandler
                0x0000000008001970                RTCAlarm_IRQHandler
                0x0000000008001970                DMA2_Channel4_5_IRQHandler
                0x0000000008001970                I2C2_ER_IRQHandler
                0x0000000008001970                DMA1_Channel2_IRQHandler
                0x0000000008001970                TIM8_BRK_IRQHandler
                0x0000000008001970                FLASH_IRQHandler
                0x0000000008001970                BusFault_Handler
                0x0000000008001970                SPI3_IRQHandler
                0x0000000008001970                I2C1_ER_IRQHandler
                0x0000000008001970                DMA2_Channel3_IRQHandler
 *fill*         0x0000000008001972        0x2 
 .text.__libc_init_array
                0x0000000008001974       0x48 c:/st/stm32cubeide_1.4.0/stm32cubeide/plugins/com.st.stm32cube.ide.mcu.externaltools.gnu-tools-for-stm32.7-2018-q2-update.win32_1.4.0.202007081208/tools/bin/../lib/gcc/arm-none-eabi/7.3.1/../../../../arm-none-eabi/lib/thumb/v7-m\libc_nano.a(lib_a-init.o)
                0x0000000008001974                __libc_init_array
 *(.glue_7)
 .glue_7        0x00000000080019bc        0x0 linker stubs
 *(.glue_7t)
 .glue_7t       0x00000000080019bc        0x0 linker stubs
 *(.eh_frame)
 .eh_frame      0x00000000080019bc        0x0 c:/st/stm32cubeide_1.4.0/stm32cubeide/plugins/com.st.stm32cube.ide.mcu.externaltools.gnu-tools-for-stm32.7-2018-q2-update.win32_1.4.0.202007081208/tools/bin/../lib/gcc/arm-none-eabi/7.3.1/thumb/v7-m/crtbegin.o
 *(.init)
 .init          0x00000000080019bc        0x4 c:/st/stm32cubeide_1.4.0/stm32cubeide/plugins/com.st.stm32cube.ide.mcu.externaltools.gnu-tools-for-stm32.7-2018-q2-update.win32_1.4.0.202007081208/tools/bin/../lib/gcc/arm-none-eabi/7.3.1/thumb/v7-m/crti.o
                0x00000000080019bc                _init
 .init          0x00000000080019c0        0x8 c:/st/stm32cubeide_1.4.0/stm32cubeide/plugins/com.st.stm32cube.ide.mcu.externaltools.gnu-tools-for-stm32.7-2018-q2-update.win32_1.4.0.202007081208/tools/bin/../lib/gcc/arm-none-eabi/7.3.1/thumb/v7-m/crtn.o
 *(.fini)
 .fini          0x00000000080019c8        0x4 c:/st/stm32cubeide_1.4.0/stm32cubeide/plugins/com.st.stm32cube.ide.mcu.externaltools.gnu-tools-for-stm32.7-2018-q2-update.win32_1.4.0.202007081208/tools/bin/../lib/gcc/arm-none-eabi/7.3.1/thumb/v7-m/crti.o
                0x00000000080019c8                _fini
 .fini          0x00000000080019cc        0x8 c:/st/stm32cubeide_1.4.0/stm32cubeide/plugins/com.st.stm32cube.ide.mcu.externaltools.gnu-tools-for-stm32.7-2018-q2-update.win32_1.4.0.202007081208/tools/bin/../lib/gcc/arm-none-eabi/7.3.1/thumb/v7-m/crtn.o
                0x00000000080019d4                . = ALIGN (0x4)
                0x00000000080019d4                _etext = .

.vfp11_veneer   0x00000000080019d4        0x0
 .vfp11_veneer  0x00000000080019d4        0x0 linker stubs

.v4_bx          0x00000000080019d4        0x0
 .v4_bx         0x00000000080019d4        0x0 linker stubs

.iplt           0x00000000080019d4        0x0
 .iplt          0x00000000080019d4        0x0 c:/st/stm32cubeide_1.4.0/stm32cubeide/plugins/com.st.stm32cube.ide.mcu.externaltools.gnu-tools-for-stm32.7-2018-q2-update.win32_1.4.0.202007081208/tools/bin/../lib/gcc/arm-none-eabi/7.3.1/thumb/v7-m/crtbegin.o

.rodata         0x00000000080019d4      0x1b4
                0x00000000080019d4                . = ALIGN (0x4)
 *(.rodata)
 .rodata        0x00000000080019d4       0x10 APPLICATION/HAL/LCD.o
 .rodata        0x00000000080019e4      0x1a2 APPLICATION/MyApp.o
 *(.rodata*)
                0x0000000008001b88                . = ALIGN (0x4)
 *fill*         0x0000000008001b86        0x2 

.rel.dyn        0x0000000008001b88        0x0
 .rel.iplt      0x0000000008001b88        0x0 c:/st/stm32cubeide_1.4.0/stm32cubeide/plugins/com.st.stm32cube.ide.mcu.externaltools.gnu-tools-for-stm32.7-2018-q2-update.win32_1.4.0.202007081208/tools/bin/../lib/gcc/arm-none-eabi/7.3.1/thumb/v7-m/crtbegin.o

.ARM.extab      0x0000000008001b88        0x0
                0x0000000008001b88                . = ALIGN (0x4)
 *(.ARM.extab* .gnu.linkonce.armextab.*)
                0x0000000008001b88                . = ALIGN (0x4)

.ARM            0x0000000008001b88        0x0
                0x0000000008001b88                . = ALIGN (0x4)
                0x0000000008001b88                __exidx_start = .
 *(.ARM.exidx*)
                0x0000000008001b88                __exidx_end = .
                0x0000000008001b88                . = ALIGN (0x4)

.preinit_array  0x0000000008001b88        0x0
                0x0000000008001b88                . = ALIGN (0x4)
                0x0000000008001b88                PROVIDE (__preinit_array_start = .)
 *(.preinit_array*)
                0x0000000008001b88                PROVIDE (__preinit_array_end = .)
                0x0000000008001b88                . = ALIGN (0x4)

.init_array     0x0000000008001b88        0x4
                0x0000000008001b88                . = ALIGN (0x4)
                0x0000000008001b88                PROVIDE (__init_array_start = .)
 *(SORT_BY_NAME(.init_array.*))
 *(.init_array*)
 .init_array    0x0000000008001b88        0x4 c:/st/stm32cubeide_1.4.0/stm32cubeide/plugins/com.st.stm32cube.ide.mcu.externaltools.gnu-tools-for-stm32.7-2018-q2-update.win32_1.4.0.202007081208/tools/bin/../lib/gcc/arm-none-eabi/7.3.1/thumb/v7-m/crtbegin.o
                0x0000000008001b8c                PROVIDE (__init_array_end = .)
                0x0000000008001b8c                . = ALIGN (0x4)

.fini_array     0x0000000008001b8c        0x4
                0x0000000008001b8c                . = ALIGN (0x4)
                [!provide]                        PROVIDE (__fini_array_start = .)
 *(SORT_BY_NAME(.fini_array.*))
 *(.fini_array*)
 .fini_array    0x0000000008001b8c        0x4 c:/st/stm32cubeide_1.4.0/stm32cubeide/plugins/com.st.stm32cube.ide.mcu.externaltools.gnu-tools-for-stm32.7-2018-q2-update.win32_1.4.0.202007081208/tools/bin/../lib/gcc/arm-none-eabi/7.3.1/thumb/v7-m/crtbegin.o
                [!provide]                        PROVIDE (__fini_array_end = .)
                0x0000000008001b90                . = ALIGN (0x4)
                0x0000000008001b90                _sidata = LOADADDR (.data)

.data           0x0000000020000000       0x24 load address 0x0000000008001b90
                0x0000000020000000                . = ALIGN (0x4)
                0x0000000020000000                _sdata = .
 *(.data)
 *(.data*)
 .data.APBPrescTable
                0x0000000020000000       0x20 APPLICATION/MCAL/STM32F103C6_RCC_Driver.o
                0x0000000020000000                APBPrescTable
 .data.Slave_TxData
                0x0000000020000020        0x1 APPLICATION/MyApp.o
                0x0000000020000020                Slave_TxData
 .data.Glob_Available_Slots
                0x0000000020000021        0x1 APPLICATION/MyApp.o
                0x0000000020000021                Glob_Available_Slots
                0x0000000020000024                . = ALIGN (0x4)
 *fill*         0x0000000020000022        0x2 
                0x0000000020000024                _edata = .

.igot.plt       0x0000000020000024        0x0 load address 0x0000000008001bb4
 .igot.plt      0x0000000020000024        0x0 c:/st/stm32cubeide_1.4.0/stm32cubeide/plugins/com.st.stm32cube.ide.mcu.externaltools.gnu-tools-for-stm32.7-2018-q2-update.win32_1.4.0.202007081208/tools/bin/../lib/gcc/arm-none-eabi/7.3.1/thumb/v7-m/crtbegin.o
                0x0000000020000024                . = ALIGN (0x4)

.bss            0x0000000020000024       0xbc load address 0x0000000008001bb4
                0x0000000020000024                _sbss = .
                0x0000000020000024                __bss_start__ = _sbss
 *(.bss)
 .bss           0x0000000020000024       0x1c c:/st/stm32cubeide_1.4.0/stm32cubeide/plugins/com.st.stm32cube.ide.mcu.externaltools.gnu-tools-for-stm32.7-2018-q2-update.win32_1.4.0.202007081208/tools/bin/../lib/gcc/arm-none-eabi/7.3.1/thumb/v7-m/crtbegin.o
 *(.bss*)
 .bss.count     0x0000000020000040        0x4 APPLICATION/HAL/LCD.o
                0x0000000020000040                count
 .bss.Glob_SPI_Config
                0x0000000020000044        0x8 APPLICATION/MCAL/STM32F103C6_SPI_Driver.o
                0x0000000020000044                Glob_SPI_Config
 .bss.GLOBAL_UART1_Config
                0x000000002000004c        0x4 APPLICATION/MCAL/STM32F103C6_USART_Driver.o
                0x000000002000004c                GLOBAL_UART1_Config
 .bss.GLOBAL_UART2_Config
                0x0000000020000050        0x4 APPLICATION/MCAL/STM32F103C6_USART_Driver.o
                0x0000000020000050                GLOBAL_UART2_Config
 .bss.GLOBAL_UART3_Config
                0x0000000020000054        0x4 APPLICATION/MCAL/STM32F103C6_USART_Driver.o
                0x0000000020000054                GLOBAL_UART3_Config
 *(COMMON)
 COMMON         0x0000000020000058       0x3c APPLICATION/MCAL/STM32F103C6_EXTI_Driver.o
                0x0000000020000058                GP_IRQ_CALLBACK
 COMMON         0x0000000020000094       0x30 APPLICATION/MCAL/STM32F103C6_SPI_Driver.o
                0x0000000020000094                Glob_SPI2_Config
                0x00000000200000ac                Glob_SPI1_Config
 COMMON         0x00000000200000c4        0x8 APPLICATION/MCAL/STM32F103C6_USART_Driver.o
                0x00000000200000c4                P_IRQ_CallBack
                0x00000000200000c8                Pclk
 COMMON         0x00000000200000cc       0x14 APPLICATION/MyApp.o
                0x00000000200000cc                uartCfg
                0x00000000200000e0                . = ALIGN (0x4)
                0x00000000200000e0                _ebss = .
                0x00000000200000e0                __bss_end__ = _ebss

._user_heap_stack
                0x00000000200000e0      0x600 load address 0x0000000008001bb4
                0x00000000200000e0                . = ALIGN (0x8)
                [!provide]                        PROVIDE (end = .)
                0x00000000200000e0                PROVIDE (_end = .)
                0x00000000200002e0                . = (. + _Min_Heap_Size)
 *fill*         0x00000000200000e0      0x200 
                0x00000000200006e0                . = (. + _Min_Stack_Size)
 *fill*         0x00000000200002e0      0x400 
                0x00000000200006e0                . = ALIGN (0x8)

/DISCARD/
 libc.a(*)
 libm.a(*)
 libgcc.a(*)

.ARM.attributes
                0x0000000000000000       0x29
 *(.ARM.attributes)
 .ARM.attributes
                0x0000000000000000       0x1d c:/st/stm32cubeide_1.4.0/stm32cubeide/plugins/com.st.stm32cube.ide.mcu.externaltools.gnu-tools-for-stm32.7-2018-q2-update.win32_1.4.0.202007081208/tools/bin/../lib/gcc/arm-none-eabi/7.3.1/thumb/v7-m/crti.o
 .ARM.attributes
                0x000000000000001d       0x2d c:/st/stm32cubeide_1.4.0/stm32cubeide/plugins/com.st.stm32cube.ide.mcu.externaltools.gnu-tools-for-stm32.7-2018-q2-update.win32_1.4.0.202007081208/tools/bin/../lib/gcc/arm-none-eabi/7.3.1/thumb/v7-m/crtbegin.o
 .ARM.attributes
                0x000000000000004a       0x33 APPLICATION/HAL/Buzzer.o
 .ARM.attributes
                0x000000000000007d       0x33 APPLICATION/HAL/Gate.o
 .ARM.attributes
                0x00000000000000b0       0x33 APPLICATION/HAL/LCD.o
 .ARM.attributes
                0x00000000000000e3       0x33 APPLICATION/HAL/Motion.o
 .ARM.attributes
                0x0000000000000116       0x33 APPLICATION/MCAL/STM32F103C6_EXTI_Driver.o
 .ARM.attributes
                0x0000000000000149       0x33 APPLICATION/MCAL/STM32F103C6_GPIO_Driver.o
 .ARM.attributes
                0x000000000000017c       0x33 APPLICATION/MCAL/STM32F103C6_RCC_Driver.o
 .ARM.attributes
                0x00000000000001af       0x33 APPLICATION/MCAL/STM32F103C6_SPI_Driver.o
 .ARM.attributes
                0x00000000000001e2       0x33 APPLICATION/MCAL/STM32F103C6_TIMER_Driver.o
 .ARM.attributes
                0x0000000000000215       0x33 APPLICATION/MCAL/STM32F103C6_USART_Driver.o
 .ARM.attributes
                0x0000000000000248       0x33 APPLICATION/MyApp.o
 .ARM.attributes
                0x000000000000027b       0x33 Src/main.o
 .ARM.attributes
                0x00000000000002ae       0x21 Startup/startup_stm32f103c6tx.o
 .ARM.attributes
                0x00000000000002cf       0x2d c:/st/stm32cubeide_1.4.0/stm32cubeide/plugins/com.st.stm32cube.ide.mcu.externaltools.gnu-tools-for-stm32.7-2018-q2-update.win32_1.4.0.202007081208/tools/bin/../lib/gcc/arm-none-eabi/7.3.1/../../../../arm-none-eabi/lib/thumb/v7-m\libc_nano.a(lib_a-init.o)
 .ARM.attributes
                0x00000000000002fc       0x1d c:/st/stm32cubeide_1.4.0/stm32cubeide/plugins/com.st.stm32cube.ide.mcu.externaltools.gnu-tools-for-stm32.7-2018-q2-update.win32_1.4.0.202007081208/tools/bin/../lib/gcc/arm-none-eabi/7.3.1/thumb/v7-m/crtn.o
OUTPUT(U11-Garage-System-ECU3.elf elf32-littlearm)

.debug_info     0x0000000000000000     0x9886
 .debug_info    0x0000000000000000      0xad6 APPLICATION/HAL/Buzzer.o
 .debug_info    0x0000000000000ad6      0xb19 APPLICATION/HAL/Gate.o
 .debug_info    0x00000000000015ef      0xe08 APPLICATION/HAL/LCD.o
 .debug_info    0x00000000000023f7      0xad9 APPLICATION/HAL/Motion.o
 .debug_info    0x0000000000002ed0      0xdb6 APPLICATION/MCAL/STM32F103C6_EXTI_Driver.o
 .debug_info    0x0000000000003c86      0xdd4 APPLICATION/MCAL/STM32F103C6_GPIO_Driver.o
 .debug_info    0x0000000000004a5a      0xae4 APPLICATION/MCAL/STM32F103C6_RCC_Driver.o
 .debug_info    0x000000000000553e      0xf77 APPLICATION/MCAL/STM32F103C6_SPI_Driver.o
 .debug_info    0x00000000000064b5      0xa06 APPLICATION/MCAL/STM32F103C6_TIMER_Driver.o
 .debug_info    0x0000000000006ebb      0xeed APPLICATION/MCAL/STM32F103C6_USART_Driver.o
 .debug_info    0x0000000000007da8     0x10c2 APPLICATION/MyApp.o
 .debug_info    0x0000000000008e6a      0x9fa Src/main.o
 .debug_info    0x0000000000009864       0x22 Startup/startup_stm32f103c6tx.o

.debug_abbrev   0x0000000000000000     0x17ea
 .debug_abbrev  0x0000000000000000      0x1ad APPLICATION/HAL/Buzzer.o
 .debug_abbrev  0x00000000000001ad      0x1a6 APPLICATION/HAL/Gate.o
 .debug_abbrev  0x0000000000000353      0x287 APPLICATION/HAL/LCD.o
 .debug_abbrev  0x00000000000005da      0x199 APPLICATION/HAL/Motion.o
 .debug_abbrev  0x0000000000000773      0x224 APPLICATION/MCAL/STM32F103C6_EXTI_Driver.o
 .debug_abbrev  0x0000000000000997      0x1f4 APPLICATION/MCAL/STM32F103C6_GPIO_Driver.o
 .debug_abbrev  0x0000000000000b8b      0x19b APPLICATION/MCAL/STM32F103C6_RCC_Driver.o
 .debug_abbrev  0x0000000000000d26      0x259 APPLICATION/MCAL/STM32F103C6_SPI_Driver.o
 .debug_abbrev  0x0000000000000f7f      0x1b9 APPLICATION/MCAL/STM32F103C6_TIMER_Driver.o
 .debug_abbrev  0x0000000000001138      0x257 APPLICATION/MCAL/STM32F103C6_USART_Driver.o
 .debug_abbrev  0x000000000000138f      0x2b3 APPLICATION/MyApp.o
 .debug_abbrev  0x0000000000001642      0x196 Src/main.o
 .debug_abbrev  0x00000000000017d8       0x12 Startup/startup_stm32f103c6tx.o

.debug_loc      0x0000000000000000     0x1954
 .debug_loc     0x0000000000000000       0x7c APPLICATION/HAL/Buzzer.o
 .debug_loc     0x000000000000007c      0x140 APPLICATION/HAL/Gate.o
 .debug_loc     0x00000000000001bc      0x3e8 APPLICATION/HAL/LCD.o
 .debug_loc     0x00000000000005a4       0xa0 APPLICATION/HAL/Motion.o
 .debug_loc     0x0000000000000644      0x320 APPLICATION/MCAL/STM32F103C6_EXTI_Driver.o
 .debug_loc     0x0000000000000964      0x3b8 APPLICATION/MCAL/STM32F103C6_GPIO_Driver.o
 .debug_loc     0x0000000000000d1c       0xc8 APPLICATION/MCAL/STM32F103C6_RCC_Driver.o
 .debug_loc     0x0000000000000de4      0x30c APPLICATION/MCAL/STM32F103C6_SPI_Driver.o
 .debug_loc     0x00000000000010f0       0xf0 APPLICATION/MCAL/STM32F103C6_TIMER_Driver.o
 .debug_loc     0x00000000000011e0      0x2e4 APPLICATION/MCAL/STM32F103C6_USART_Driver.o
 .debug_loc     0x00000000000014c4      0x464 APPLICATION/MyApp.o
 .debug_loc     0x0000000000001928       0x2c Src/main.o

.debug_aranges  0x0000000000000000      0x428
 .debug_aranges
                0x0000000000000000       0x28 APPLICATION/HAL/Buzzer.o
 .debug_aranges
                0x0000000000000028       0x38 APPLICATION/HAL/Gate.o
 .debug_aranges
                0x0000000000000060       0x88 APPLICATION/HAL/LCD.o
 .debug_aranges
                0x00000000000000e8       0x28 APPLICATION/HAL/Motion.o
 .debug_aranges
                0x0000000000000110       0x80 APPLICATION/MCAL/STM32F103C6_EXTI_Driver.o
 .debug_aranges
                0x0000000000000190       0x70 APPLICATION/MCAL/STM32F103C6_GPIO_Driver.o
 .debug_aranges
                0x0000000000000200       0x38 APPLICATION/MCAL/STM32F103C6_RCC_Driver.o
 .debug_aranges
                0x0000000000000238       0x60 APPLICATION/MCAL/STM32F103C6_SPI_Driver.o
 .debug_aranges
                0x0000000000000298       0x30 APPLICATION/MCAL/STM32F103C6_TIMER_Driver.o
 .debug_aranges
                0x00000000000002c8       0x68 APPLICATION/MCAL/STM32F103C6_USART_Driver.o
 .debug_aranges
                0x0000000000000330       0xb0 APPLICATION/MyApp.o
 .debug_aranges
                0x00000000000003e0       0x20 Src/main.o
 .debug_aranges
                0x0000000000000400       0x28 Startup/startup_stm32f103c6tx.o

.debug_ranges   0x0000000000000000      0x360
 .debug_ranges  0x0000000000000000       0x18 APPLICATION/HAL/Buzzer.o
 .debug_ranges  0x0000000000000018       0x28 APPLICATION/HAL/Gate.o
 .debug_ranges  0x0000000000000040       0x78 APPLICATION/HAL/LCD.o
 .debug_ranges  0x00000000000000b8       0x18 APPLICATION/HAL/Motion.o
 .debug_ranges  0x00000000000000d0       0x70 APPLICATION/MCAL/STM32F103C6_EXTI_Driver.o
 .debug_ranges  0x0000000000000140       0x60 APPLICATION/MCAL/STM32F103C6_GPIO_Driver.o
 .debug_ranges  0x00000000000001a0       0x28 APPLICATION/MCAL/STM32F103C6_RCC_Driver.o
 .debug_ranges  0x00000000000001c8       0x50 APPLICATION/MCAL/STM32F103C6_SPI_Driver.o
 .debug_ranges  0x0000000000000218       0x20 APPLICATION/MCAL/STM32F103C6_TIMER_Driver.o
 .debug_ranges  0x0000000000000238       0x58 APPLICATION/MCAL/STM32F103C6_USART_Driver.o
 .debug_ranges  0x0000000000000290       0xa0 APPLICATION/MyApp.o
 .debug_ranges  0x0000000000000330       0x10 Src/main.o
 .debug_ranges  0x0000000000000340       0x20 Startup/startup_stm32f103c6tx.o

.debug_macro    0x0000000000000000     0x438b
 .debug_macro   0x0000000000000000      0x221 APPLICATION/HAL/Buzzer.o
 .debug_macro   0x0000000000000221      0xa60 APPLICATION/HAL/Buzzer.o
 .debug_macro   0x0000000000000c81       0x18 APPLICATION/HAL/Buzzer.o
 .debug_macro   0x0000000000000c99       0x22 APPLICATION/HAL/Buzzer.o
 .debug_macro   0x0000000000000cbb       0x40 APPLICATION/HAL/Buzzer.o
 .debug_macro   0x0000000000000cfb       0x94 APPLICATION/HAL/Buzzer.o
 .debug_macro   0x0000000000000d8f       0x3c APPLICATION/HAL/Buzzer.o
 .debug_macro   0x0000000000000dcb       0x34 APPLICATION/HAL/Buzzer.o
 .debug_macro   0x0000000000000dff       0x16 APPLICATION/HAL/Buzzer.o
 .debug_macro   0x0000000000000e15      0x10e APPLICATION/HAL/Buzzer.o
 .debug_macro   0x0000000000000f23       0x8d APPLICATION/HAL/Buzzer.o
 .debug_macro   0x0000000000000fb0       0x57 APPLICATION/HAL/Buzzer.o
 .debug_macro   0x0000000000001007       0x52 APPLICATION/HAL/Buzzer.o
 .debug_macro   0x0000000000001059       0x1f APPLICATION/HAL/Buzzer.o
 .debug_macro   0x0000000000001078       0x43 APPLICATION/HAL/Buzzer.o
 .debug_macro   0x00000000000010bb       0x20 APPLICATION/HAL/Buzzer.o
 .debug_macro   0x00000000000010db      0x1a3 APPLICATION/HAL/Buzzer.o
 .debug_macro   0x000000000000127e      0x330 APPLICATION/HAL/Buzzer.o
 .debug_macro   0x00000000000015ae       0x16 APPLICATION/HAL/Buzzer.o
 .debug_macro   0x00000000000015c4       0x29 APPLICATION/HAL/Buzzer.o
 .debug_macro   0x00000000000015ed       0xef APPLICATION/HAL/Buzzer.o
 .debug_macro   0x00000000000016dc       0x6a APPLICATION/HAL/Buzzer.o
 .debug_macro   0x0000000000001746      0x1df APPLICATION/HAL/Buzzer.o
 .debug_macro   0x0000000000001925       0x1c APPLICATION/HAL/Buzzer.o
 .debug_macro   0x0000000000001941       0x35 APPLICATION/HAL/Buzzer.o
 .debug_macro   0x0000000000001976       0x10 APPLICATION/HAL/Buzzer.o
 .debug_macro   0x0000000000001986       0x10 APPLICATION/HAL/Buzzer.o
 .debug_macro   0x0000000000001996       0x1c APPLICATION/HAL/Buzzer.o
 .debug_macro   0x00000000000019b2       0x52 APPLICATION/HAL/Buzzer.o
 .debug_macro   0x0000000000001a04       0x40 APPLICATION/HAL/Buzzer.o
 .debug_macro   0x0000000000001a44       0x10 APPLICATION/HAL/Buzzer.o
 .debug_macro   0x0000000000001a54       0x40 APPLICATION/HAL/Buzzer.o
 .debug_macro   0x0000000000001a94       0xd7 APPLICATION/HAL/Buzzer.o
 .debug_macro   0x0000000000001b6b       0x1c APPLICATION/HAL/Buzzer.o
 .debug_macro   0x0000000000001b87       0x3d APPLICATION/HAL/Buzzer.o
 .debug_macro   0x0000000000001bc4       0x16 APPLICATION/HAL/Buzzer.o
 .debug_macro   0x0000000000001bda      0x145 APPLICATION/HAL/Buzzer.o
 .debug_macro   0x0000000000001d1f      0x2b2 APPLICATION/HAL/Buzzer.o
 .debug_macro   0x0000000000001fd1       0xca APPLICATION/HAL/Buzzer.o
 .debug_macro   0x000000000000209b       0x10 APPLICATION/HAL/Buzzer.o
 .debug_macro   0x00000000000020ab      0x22a APPLICATION/HAL/Gate.o
 .debug_macro   0x00000000000022d5       0x40 APPLICATION/HAL/Gate.o
 .debug_macro   0x0000000000002315       0x10 APPLICATION/HAL/Gate.o
 .debug_macro   0x0000000000002325      0x217 APPLICATION/HAL/LCD.o
 .debug_macro   0x000000000000253c       0xe2 APPLICATION/HAL/LCD.o
 .debug_macro   0x000000000000261e      0x221 APPLICATION/HAL/Motion.o
 .debug_macro   0x000000000000283f       0x10 APPLICATION/HAL/Motion.o
 .debug_macro   0x000000000000284f      0x213 APPLICATION/MCAL/STM32F103C6_EXTI_Driver.o
 .debug_macro   0x0000000000002a62      0x21a APPLICATION/MCAL/STM32F103C6_EXTI_Driver.o
 .debug_macro   0x0000000000002c7c       0xd0 APPLICATION/MCAL/STM32F103C6_EXTI_Driver.o
 .debug_macro   0x0000000000002d4c      0x204 APPLICATION/MCAL/STM32F103C6_GPIO_Driver.o
 .debug_macro   0x0000000000002f50      0x20d APPLICATION/MCAL/STM32F103C6_RCC_Driver.o
 .debug_macro   0x000000000000315d       0x16 APPLICATION/MCAL/STM32F103C6_RCC_Driver.o
 .debug_macro   0x0000000000003173      0x225 APPLICATION/MCAL/STM32F103C6_SPI_Driver.o
 .debug_macro   0x0000000000003398       0xbe APPLICATION/MCAL/STM32F103C6_SPI_Driver.o
 .debug_macro   0x0000000000003456      0x20d APPLICATION/MCAL/STM32F103C6_TIMER_Driver.o
 .debug_macro   0x0000000000003663      0x240 APPLICATION/MCAL/STM32F103C6_USART_Driver.o
 .debug_macro   0x00000000000038a3       0x1c APPLICATION/MCAL/STM32F103C6_USART_Driver.o
 .debug_macro   0x00000000000038bf       0xbe APPLICATION/MCAL/STM32F103C6_USART_Driver.o
 .debug_macro   0x000000000000397d      0x295 APPLICATION/MyApp.o
 .debug_macro   0x0000000000003c12      0x220 APPLICATION/MyApp.o
 .debug_macro   0x0000000000003e32       0xc4 APPLICATION/MyApp.o
 .debug_macro   0x0000000000003ef6       0x46 APPLICATION/MyApp.o
 .debug_macro   0x0000000000003f3c       0x16 APPLICATION/MyApp.o
 .debug_macro   0x0000000000003f52       0xe8 APPLICATION/MyApp.o
 .debug_macro   0x000000000000403a       0x46 APPLICATION/MyApp.o
 .debug_macro   0x0000000000004080       0x76 APPLICATION/MyApp.o
 .debug_macro   0x00000000000040f6      0x295 Src/main.o

.debug_line     0x0000000000000000     0x5a5d
 .debug_line    0x0000000000000000      0x6c1 APPLICATION/HAL/Buzzer.o
 .debug_line    0x00000000000006c1      0x6f1 APPLICATION/HAL/Gate.o
 .debug_line    0x0000000000000db2      0x8b4 APPLICATION/HAL/LCD.o
 .debug_line    0x0000000000001666      0x6bf APPLICATION/HAL/Motion.o
 .debug_line    0x0000000000001d25      0x804 APPLICATION/MCAL/STM32F103C6_EXTI_Driver.o
 .debug_line    0x0000000000002529      0x754 APPLICATION/MCAL/STM32F103C6_GPIO_Driver.o
 .debug_line    0x0000000000002c7d      0x688 APPLICATION/MCAL/STM32F103C6_RCC_Driver.o
 .debug_line    0x0000000000003305      0x7ac APPLICATION/MCAL/STM32F103C6_SPI_Driver.o
 .debug_line    0x0000000000003ab1      0x69a APPLICATION/MCAL/STM32F103C6_TIMER_Driver.o
 .debug_line    0x000000000000414b      0x795 APPLICATION/MCAL/STM32F103C6_USART_Driver.o
 .debug_line    0x00000000000048e0      0x939 APPLICATION/MyApp.o
 .debug_line    0x0000000000005219      0x7c0 Src/main.o
 .debug_line    0x00000000000059d9       0x84 Startup/startup_stm32f103c6tx.o

.debug_str      0x0000000000000000     0xc750
 .debug_str     0x0000000000000000     0x9266 APPLICATION/HAL/Buzzer.o
                                       0x94d7 (size before relaxing)
 .debug_str     0x0000000000009266      0x282 APPLICATION/HAL/Gate.o
                                       0x96bb (size before relaxing)
 .debug_str     0x00000000000094e8      0x52a APPLICATION/HAL/LCD.o
                                       0x9988 (size before relaxing)
 .debug_str     0x0000000000009a12       0x98 APPLICATION/HAL/Motion.o
                                       0x94f9 (size before relaxing)
 .debug_str     0x0000000000009aaa     0x150c APPLICATION/MCAL/STM32F103C6_EXTI_Driver.o
                                       0xa945 (size before relaxing)
 .debug_str     0x000000000000afb6      0x169 APPLICATION/MCAL/STM32F103C6_GPIO_Driver.o
                                       0x95df (size before relaxing)
 .debug_str     0x000000000000b11f       0xfb APPLICATION/MCAL/STM32F103C6_RCC_Driver.o
                                       0x9517 (size before relaxing)
 .debug_str     0x000000000000b21a      0x752 APPLICATION/MCAL/STM32F103C6_SPI_Driver.o
                                       0x9bce (size before relaxing)
 .debug_str     0x000000000000b96c       0x40 APPLICATION/MCAL/STM32F103C6_TIMER_Driver.o
                                       0x95f2 (size before relaxing)
 .debug_str     0x000000000000b9ac      0x8da APPLICATION/MCAL/STM32F103C6_USART_Driver.o
                                       0x9e2a (size before relaxing)
 .debug_str     0x000000000000c286      0x486 APPLICATION/MyApp.o
                                       0xbe0d (size before relaxing)
 .debug_str     0x000000000000c70c       0x13 Src/main.o
                                       0xb9f3 (size before relaxing)
 .debug_str     0x000000000000c71f       0x31 Startup/startup_stm32f103c6tx.o
                                         0x85 (size before relaxing)

.comment        0x0000000000000000       0x7b
 .comment       0x0000000000000000       0x7b APPLICATION/HAL/Buzzer.o
                                         0x7c (size before relaxing)
 .comment       0x000000000000007b       0x7c APPLICATION/HAL/Gate.o
 .comment       0x000000000000007b       0x7c APPLICATION/HAL/LCD.o
 .comment       0x000000000000007b       0x7c APPLICATION/HAL/Motion.o
 .comment       0x000000000000007b       0x7c APPLICATION/MCAL/STM32F103C6_EXTI_Driver.o
 .comment       0x000000000000007b       0x7c APPLICATION/MCAL/STM32F103C6_GPIO_Driver.o
 .comment       0x000000000000007b       0x7c APPLICATION/MCAL/STM32F103C6_RCC_Driver.o
 .comment       0x000000000000007b       0x7c APPLICATION/MCAL/STM32F103C6_SPI_Driver.o
 .comment       0x000000000000007b       0x7c APPLICATION/MCAL/STM32F103C6_TIMER_Driver.o
 .comment       0x000000000000007b       0x7c APPLICATION/MCAL/STM32F103C6_USART_Driver.o
 .comment       0x000000000000007b       0x7c APPLICATION/MyApp.o
 .comment       0x000000000000007b       0x7c Src/main.o

.debug_frame    0x0000000000000000      0xd44
 .debug_frame   0x0000000000000000       0x50 APPLICATION/HAL/Buzzer.o
 .debug_frame   0x0000000000000050       0xa0 APPLICATION/HAL/Gate.o
 .debug_frame   0x00000000000000f0      0x1fc APPLICATION/HAL/LCD.o
 .debug_frame   0x00000000000002ec       0x58 APPLICATION/HAL/Motion.o
 .debug_frame   0x0000000000000344      0x1b0 APPLICATION/MCAL/STM32F103C6_EXTI_Driver.o
 .debug_frame   0x00000000000004f4      0x1b8 APPLICATION/MCAL/STM32F103C6_GPIO_Driver.o
 .debug_frame   0x00000000000006ac       0x84 APPLICATION/MCAL/STM32F103C6_RCC_Driver.o
 .debug_frame   0x0000000000000730      0x170 APPLICATION/MCAL/STM32F103C6_SPI_Driver.o
 .debug_frame   0x00000000000008a0       0x7c APPLICATION/MCAL/STM32F103C6_TIMER_Driver.o
 .debug_frame   0x000000000000091c      0x170 APPLICATION/MCAL/STM32F103C6_USART_Driver.o
 .debug_frame   0x0000000000000a8c      0x260 APPLICATION/MyApp.o
 .debug_frame   0x0000000000000cec       0x2c Src/main.o
 .debug_frame   0x0000000000000d18       0x2c c:/st/stm32cubeide_1.4.0/stm32cubeide/plugins/com.st.stm32cube.ide.mcu.externaltools.gnu-tools-for-stm32.7-2018-q2-update.win32_1.4.0.202007081208/tools/bin/../lib/gcc/arm-none-eabi/7.3.1/../../../../arm-none-eabi/lib/thumb/v7-m\libc_nano.a(lib_a-init.o)
